
Optional file libmchp_peripheral.a not found

Optional file libmchp_peripheral_32MX795F512L.a not found
Archive member included because of file (symbol)

c:/program files (x86)/microchip/xc32/v1.42/bin/bin/../../lib/gcc/pic32mx/4.8.3\libgcc.a(_fixunssfdi.o)
                              build/pic32mx795_pim_e16_freertos/production/_ext/1360937237/rf_task.o (__fixunssfdi)
c:/program files (x86)/microchip/xc32/v1.42/bin/bin/../../lib/gcc/pic32mx/4.8.3\libgcc.a(_floatundisf.o)
                              build/pic32mx795_pim_e16_freertos/production/_ext/1360937237/rf_task.o (__floatundisf)
c:/program files (x86)/microchip/xc32/v1.42/bin/bin/../../lib/gcc/pic32mx/4.8.3\libgcc.a(floatunsidf.o)
                              c:/program files (x86)/microchip/xc32/v1.42/bin/bin/../../lib/gcc/pic32mx/4.8.3\libgcc.a(_fixunssfdi.o) (__floatunsidf)
c:/program files (x86)/microchip/xc32/v1.42/bin/bin/../../lib/gcc/pic32mx/4.8.3/../../../../pic32mx/lib\libpic32.a(memcpy.o)
                              build/pic32mx795_pim_e16_freertos/production/_ext/1241959881/queue.o (memcpy)
c:/program files (x86)/microchip/xc32/v1.42/bin/bin/../../lib/gcc/pic32mx/4.8.3/../../../../pic32mx/lib\libpic32.a(memset.o)
                              build/pic32mx795_pim_e16_freertos/production/_ext/1687506664/drv_spi_static.o (memset)
c:/program files (x86)/microchip/xc32/v1.42/bin/bin/../../lib/gcc/pic32mx/4.8.3/../../../../pic32mx/lib\libpic32.a(default-bootstrap-exception-handler.o)
                              c:/program files (x86)/microchip/xc32/v1.42/bin/bin/../../lib/gcc/pic32mx/4.8.3/../../../../pic32mx/lib/./proc/32MX795F512L/crt0_mips32r2.o (_bootstrap_exception_handler)
c:/program files (x86)/microchip/xc32/v1.42/bin/bin/../../lib/gcc/pic32mx/4.8.3/../../../../pic32mx/lib\libpic32.a(default-on-reset.o)
                              c:/program files (x86)/microchip/xc32/v1.42/bin/bin/../../lib/gcc/pic32mx/4.8.3/../../../../pic32mx/lib/./proc/32MX795F512L/crt0_mips32r2.o (_on_reset)
c:/program files (x86)/microchip/xc32/v1.42/bin/bin/../../lib/gcc/pic32mx/4.8.3/../../../../pic32mx/lib\libpic32.a(default-on-bootstrap.o)
                              c:/program files (x86)/microchip/xc32/v1.42/bin/bin/../../lib/gcc/pic32mx/4.8.3/../../../../pic32mx/lib/./proc/32MX795F512L/crt0_mips32r2.o (_on_bootstrap)
c:/program files (x86)/microchip/xc32/v1.42/bin/bin/../../lib/gcc/pic32mx/4.8.3/../../../../pic32mx/lib\libpic32.a(default-nmi-handler.o)
                              c:/program files (x86)/microchip/xc32/v1.42/bin/bin/../../lib/gcc/pic32mx/4.8.3/../../../../pic32mx/lib/./proc/32MX795F512L/crt0_mips32r2.o (_nmi_handler)
c:/program files (x86)/microchip/xc32/v1.42/bin/bin/../../lib/gcc/pic32mx/4.8.3/../../../../pic32mx/lib\libpic32.a(general-exception.o)
                              c:/program files (x86)/microchip/xc32/v1.42/bin/bin/../../lib/gcc/pic32mx/4.8.3/../../../../pic32mx/lib/./proc/32MX795F512L/crt0_mips32r2.o (_general_exception_context)
c:/program files (x86)/microchip/xc32/v1.42/bin/bin/../../lib/gcc/pic32mx/4.8.3/../../../../pic32mx/lib\libpic32.a(vector0.o)
                              c:/program files (x86)/microchip/xc32/v1.42/bin/bin/../../lib/gcc/pic32mx/4.8.3/../../../../pic32mx/lib/./proc/32MX795F512L\default_isr_vectors.o (__vector_dispatch_0)
c:/program files (x86)/microchip/xc32/v1.42/bin/bin/../../lib/gcc/pic32mx/4.8.3/../../../../pic32mx/lib\libpic32.a(vector2.o)
                              c:/program files (x86)/microchip/xc32/v1.42/bin/bin/../../lib/gcc/pic32mx/4.8.3/../../../../pic32mx/lib/./proc/32MX795F512L\default_isr_vectors.o (__vector_dispatch_2)
c:/program files (x86)/microchip/xc32/v1.42/bin/bin/../../lib/gcc/pic32mx/4.8.3/../../../../pic32mx/lib\libpic32.a(vector3.o)
                              c:/program files (x86)/microchip/xc32/v1.42/bin/bin/../../lib/gcc/pic32mx/4.8.3/../../../../pic32mx/lib/./proc/32MX795F512L\default_isr_vectors.o (__vector_dispatch_3)
c:/program files (x86)/microchip/xc32/v1.42/bin/bin/../../lib/gcc/pic32mx/4.8.3/../../../../pic32mx/lib\libpic32.a(vector5.o)
                              c:/program files (x86)/microchip/xc32/v1.42/bin/bin/../../lib/gcc/pic32mx/4.8.3/../../../../pic32mx/lib/./proc/32MX795F512L\default_isr_vectors.o (__vector_dispatch_5)
c:/program files (x86)/microchip/xc32/v1.42/bin/bin/../../lib/gcc/pic32mx/4.8.3/../../../../pic32mx/lib\libpic32.a(vector6.o)
                              c:/program files (x86)/microchip/xc32/v1.42/bin/bin/../../lib/gcc/pic32mx/4.8.3/../../../../pic32mx/lib/./proc/32MX795F512L\default_isr_vectors.o (__vector_dispatch_6)
c:/program files (x86)/microchip/xc32/v1.42/bin/bin/../../lib/gcc/pic32mx/4.8.3/../../../../pic32mx/lib\libpic32.a(vector9.o)
                              c:/program files (x86)/microchip/xc32/v1.42/bin/bin/../../lib/gcc/pic32mx/4.8.3/../../../../pic32mx/lib/./proc/32MX795F512L\default_isr_vectors.o (__vector_dispatch_9)
[...]
Memory Configuration

Name             Origin             Length             Attributes
kseg0_program_mem 0x9d000000         0x00080000         xr
kseg0_boot_mem   0x9fc00490         0x00000970
exception_mem    0x9fc01000         0x00001000
kseg1_boot_mem   0xbfc00000         0x00000490
debug_exec_mem   0xbfc02000         0x00000ff0
config3          0xbfc02ff0         0x00000004
config2          0xbfc02ff4         0x00000004
config1          0xbfc02ff8         0x00000004
config0          0xbfc02ffc         0x00000004
kseg1_data_mem   0xa0000000         0x00020000         w !x
sfrs             0xbf800000         0x00100000
configsfrs       0xbfc02ff0         0x00000010
*default*        0x00000000         0xffffffff

Linker script and memory map

LOAD c:/program files (x86)/microchip/xc32/v1.42/bin/bin/../../lib/gcc/pic32mx/4.8.3/../../../../pic32mx/lib/./proc/32MX795F512L/crt0_mips32r2.o
LOAD c:/program files (x86)/microchip/xc32/v1.42/bin/bin/../../lib/gcc/pic32mx/4.8.3/../../../../pic32mx/lib\debug-exception-return.o
LOAD build/pic32mx795_pim_e16_freertos/production/_ext/1687506664/drv_spi_static.o
LOAD build/pic32mx795_pim_e16_freertos/production/_ext/1687506664/drv_spi_mapping.o
LOAD build/pic32mx795_pim_e16_freertos/production/_ext/1687506664/drv_spi_static_tasks.o
LOAD build/pic32mx795_pim_e16_freertos/production/_ext/1687506664/drv_spi_static_sys_queue.o
LOAD build/pic32mx795_pim_e16_freertos/production/_ext/1687506664/drv_spi_static_rm_tasks.o
LOAD build/pic32mx795_pim_e16_freertos/production/_ext/1911170636/drv_tmr_static.o
LOAD build/pic32mx795_pim_e16_freertos/production/_ext/1911170636/drv_tmr_mapping.o
LOAD build/pic32mx795_pim_e16_freertos/production/_ext/1837109576/drv_usart_mapping.o
LOAD build/pic32mx795_pim_e16_freertos/production/_ext/1837109576/drv_usart_static.o
LOAD build/pic32mx795_pim_e16_freertos/production/_ext/1837109576/drv_usart_static_byte_model.o
LOAD build/pic32mx795_pim_e16_freertos/production/_ext/336749348/sys_clk_static.o
LOAD build/pic32mx795_pim_e16_freertos/production/_ext/1308808844/sys_ports_static.o
LOAD build/pic32mx795_pim_e16_freertos/production/_ext/481695355/system_init.o
LOAD build/pic32mx795_pim_e16_freertos/production/_ext/481695355/system_interrupt.o
LOAD build/pic32mx795_pim_e16_freertos/production/_ext/481695355/system_exceptions.o
LOAD build/pic32mx795_pim_e16_freertos/production/_ext/481695355/system_tasks.o
LOAD build/pic32mx795_pim_e16_freertos/production/_ext/481695355/system_interrupt_a.o
LOAD build/pic32mx795_pim_e16_freertos/production/_ext/481695355/rtos_hooks.o
LOAD build/pic32mx795_pim_e16_freertos/production/_ext/1360937237/app.o
LOAD build/pic32mx795_pim_e16_freertos/production/_ext/1360937237/main.o
LOAD build/pic32mx795_pim_e16_freertos/production/_ext/167849476/bsp_sys_init.o
LOAD build/pic32mx795_pim_e16_freertos/production/_ext/1423261102/osal_freertos.o
LOAD build/pic32mx795_pim_e16_freertos/production/_ext/2019779704/sys_devcon.o
LOAD build/pic32mx795_pim_e16_freertos/production/_ext/2019779704/sys_devcon_pic32mx.o
LOAD build/pic32mx795_pim_e16_freertos/production/_ext/1620769490/sys_int_pic32.o
LOAD build/pic32mx795_pim_e16_freertos/production/_ext/1366647692/heap_1.o
LOAD build/pic32mx795_pim_e16_freertos/production/_ext/1475386849/port.o
LOAD build/pic32mx795_pim_e16_freertos/production/_ext/1475386849/port_asm.o
LOAD build/pic32mx795_pim_e16_freertos/production/_ext/1241959881/croutine.o
LOAD build/pic32mx795_pim_e16_freertos/production/_ext/1241959881/list.o
LOAD build/pic32mx795_pim_e16_freertos/production/_ext/1241959881/queue.o
LOAD build/pic32mx795_pim_e16_freertos/production/_ext/1241959881/tasks.o
LOAD build/pic32mx795_pim_e16_freertos/production/_ext/1241959881/timers.o
LOAD build/pic32mx795_pim_e16_freertos/production/_ext/1241959881/event_groups.o
LOAD build/pic32mx795_pim_e16_freertos/production/_ext/1360937237/rf_app.o
LOAD build/pic32mx795_pim_e16_freertos/production/_ext/1360937237/rf_config.o
LOAD build/pic32mx795_pim_e16_freertos/production/_ext/1360937237/rf_task.o
LOAD build/pic32mx795_pim_e16_freertos/production/_ext/1360937237/uart_cmd.o
LOAD ..\..\..\..\..\..\..\microchip\harmony\v1_09\bin\framework\peripheral\PIC32MX795F512L_peripherals.a
                0x00000001                __MPLAB_BUILD = 0x1
                0x00000000                _min_heap_size = 0x0
LOAD c:/program files (x86)/microchip/xc32/v1.42/bin/bin/../../lib/gcc/pic32mx/4.8.3/../../../../pic32mx/lib/./proc/32MX795F512L\default_isr_vectors.o
LOAD c:/program files (x86)/microchip/xc32/v1.42/bin/bin/../../lib/gcc/pic32mx/4.8.3/../../../../pic32mx/lib\pic32_software_reset.o
                0x00000400                PROVIDE (_min_stack_size, 0x400)
LOAD c:/program files (x86)/microchip/xc32/v1.42/bin/bin/../../lib/gcc/pic32mx/4.8.3/../../../../pic32mx/lib/./proc/32MX795F512L\processor.o
START GROUP
LOAD libmchp_peripheral.a
END GROUP
START GROUP
LOAD libmchp_peripheral_32MX795F512L.a
END GROUP
                0x00000001                PROVIDE (_vector_spacing, 0x1)
                0x9fc01000                PROVIDE (_ebase_address, 0x9fc01000)
                0xbfc00000                _RESET_ADDR = 0xbfc00000
                0xbfc00380                _BEV_EXCPT_ADDR = 0xbfc00380
                0xbfc00480                _DBG_EXCPT_ADDR = 0xbfc00480
                0xbfc02000                _DBG_CODE_ADDR = 0xbfc02000
                0x00000ff0                _DBG_CODE_SIZE = 0xff0
                0x9fc01180                _GEN_EXCPT_ADDR = (_ebase_address + 0x180)

.config_BFC02FF0
                0xbfc02ff0        0x4
 *(.config_BFC02FF0)
 .config_BFC02FF0
                0xbfc02ff0        0x4 build/pic32mx795_pim_e16_freertos/production/_ext/481695355/system_init.o

.config_BFC02FF4
                0xbfc02ff4        0x4
 *(.config_BFC02FF4)
 .config_BFC02FF4
                0xbfc02ff4        0x4 build/pic32mx795_pim_e16_freertos/production/_ext/481695355/system_init.o

.config_BFC02FF8
                0xbfc02ff8        0x4
 *(.config_BFC02FF8)
 .config_BFC02FF8
                0xbfc02ff8        0x4 build/pic32mx795_pim_e16_freertos/production/_ext/481695355/system_init.o

.config_BFC02FFC
                0xbfc02ffc        0x4
 *(.config_BFC02FFC)
 .config_BFC02FFC
                0xbfc02ffc        0x4 build/pic32mx795_pim_e16_freertos/production/_ext/481695355/system_init.o
                0xbfc02000                PROVIDE (_DBG_CODE_ADDR, 0xbfc02000)
                0x00000ff0                PROVIDE (_DBG_CODE_SIZE, 0xff0)

.reset          0xbfc00000      0x208
 *(.reset)
 .reset         0xbfc00000        0x8 c:/program files (x86)/microchip/xc32/v1.42/bin/bin/../../lib/gcc/pic32mx/4.8.3/../../../../pic32mx/lib/./proc/32MX795F512L/crt0_mips32r2.o
                0xbfc00000                _reset
 *(.reset.startup)
 .reset.startup
                0xbfc00008      0x200 c:/program files (x86)/microchip/xc32/v1.42/bin/bin/../../lib/gcc/pic32mx/4.8.3/../../../../pic32mx/lib/./proc/32MX795F512L/crt0_mips32r2.o

.bev_excpt      0xbfc00380       0x10
 *(.bev_handler)
 .bev_handler   0xbfc00380       0x10 c:/program files (x86)/microchip/xc32/v1.42/bin/bin/../../lib/gcc/pic32mx/4.8.3/../../../../pic32mx/lib/./proc/32MX795F512L/crt0_mips32r2.o

.dbg_excpt      0xbfc00480        0x0
                0xbfc00480                . = (. + DEFINED (_DEBUGGER)?0x8:0x0)

.dbg_code       0xbfc02000        0x0
                0xbfc02000                . = (. + DEFINED (_DEBUGGER)?_DBG_CODE_SIZE:0x0)

.app_excpt      0x9fc01180       0x10
 *(.gen_handler)
 .gen_handler   0x9fc01180       0x10 c:/program files (x86)/microchip/xc32/v1.42/bin/bin/../../lib/gcc/pic32mx/4.8.3/../../../../pic32mx/lib/./proc/32MX795F512L/crt0_mips32r2.o

.vector_0       0x9fc01200        0x8
 *(.vector_0)
 .vector_0      0x9fc01200        0x8 c:/program files (x86)/microchip/xc32/v1.42/bin/bin/../../lib/gcc/pic32mx/4.8.3/../../../../pic32mx/lib\libpic32.a(vector0.o)
                0x9fc01200                __vector_dispatch_0
                0x00000001                ASSERT (((_vector_spacing == 0x0) || (SIZEOF (.vector_0) <= (_vector_spacing << 0x5))), function at exception vector 0 too large)

.vector_1       0x9fc01220        0x8
 *(.vector_1)
 .vector_1      0x9fc01220        0x8 build/pic32mx795_pim_e16_freertos/production/_ext/1475386849/port.o
                0x9fc01220                __vector_dispatch_1
                0x00000001                ASSERT (((_vector_spacing == 0x0) || (SIZEOF (.vector_1) <= (_vector_spacing << 0x5))), function at exception vector 1 too large)

.vector_2       0x9fc01240        0x8
 *(.vector_2)
 .vector_2      0x9fc01240        0x8 c:/program files (x86)/microchip/xc32/v1.42/bin/bin/../../lib/gcc/pic32mx/4.8.3/../../../../pic32mx/lib\libpic32.a(vector2.o)
                0x9fc01240                __vector_dispatch_2
                0x00000001                ASSERT (((_vector_spacing == 0x0) || (SIZEOF (.vector_2) <= (_vector_spacing << 0x5))), function at exception vector 2 too large)

.vector_3       0x9fc01260        0x8
 *(.vector_3)
 .vector_3      0x9fc01260        0x8 c:/program files (x86)/microchip/xc32/v1.42/bin/bin/../../lib/gcc/pic32mx/4.8.3/../../../../pic32mx/lib\libpic32.a(vector3.o)
                0x9fc01260                __vector_dispatch_3
                0x00000001                ASSERT (((_vector_spacing == 0x0) || (SIZEOF (.vector_3) <= (_vector_spacing << 0x5))), function at exception vector 3 too large)

.vector_4       0x9fc01280        0x8
 *(.vector_4)
 .vector_4      0x9fc01280        0x8 build/pic32mx795_pim_e16_freertos/production/_ext/1475386849/port.o
                0x9fc01280                __vector_dispatch_4
                0x00000001                ASSERT (((_vector_spacing == 0x0) || (SIZEOF (.vector_4) <= (_vector_spacing << 0x5))), function at exception vector 4 too large)

.vector_5       0x9fc012a0        0x8
 *(.vector_5)
 .vector_5      0x9fc012a0        0x8 c:/program files (x86)/microchip/xc32/v1.42/bin/bin/../../lib/gcc/pic32mx/4.8.3/../../../../pic32mx/lib\libpic32.a(vector5.o)
                0x9fc012a0                __vector_dispatch_5
                0x00000001                ASSERT (((_vector_spacing == 0x0) || (SIZEOF (.vector_5) <= (_vector_spacing << 0x5))), function at exception vector 5 too large)

.vector_6       0x9fc012c0        0x8
 *(.vector_6)
 .vector_6      0x9fc012c0        0x8 c:/program files (x86)/microchip/xc32/v1.42/bin/bin/../../lib/gcc/pic32mx/4.8.3/../../../../pic32mx/lib\libpic32.a(vector6.o)
                0x9fc012c0                __vector_dispatch_6
                0x00000001                ASSERT (((_vector_spacing == 0x0) || (SIZEOF (.vector_6) <= (_vector_spacing << 0x5))), function at exception vector 6 too large)

.vector_7       0x9fc012e0       0x10
 *(.vector_7)
 .vector_7      0x9fc012e0       0x10 build/pic32mx795_pim_e16_freertos/production/_ext/481695355/system_interrupt_a.o
                0x9fc012e0                __vector_dispatch_7
                0x00000001                ASSERT (((_vector_spacing == 0x0) || (SIZEOF (.vector_7) <= (_vector_spacing << 0x5))), function at exception vector 7 too large)

.vector_8       0x9fc01300       0x10
 *(.vector_8)
 .vector_8      0x9fc01300       0x10 build/pic32mx795_pim_e16_freertos/production/_ext/481695355/system_interrupt_a.o
                0x9fc01300                __vector_dispatch_8
                0x00000001                ASSERT (((_vector_spacing == 0x0) || (SIZEOF (.vector_8) <= (_vector_spacing << 0x5))), function at exception vector 8 too large)

.vector_9       0x9fc01320        0x8
 *(.vector_9)
 .vector_9      0x9fc01320        0x8 c:/program files (x86)/microchip/xc32/v1.42/bin/bin/../../lib/gcc/pic32mx/4.8.3/../../../../pic32mx/lib\libpic32.a(vector9.o)
                0x9fc01320                __vector_dispatch_9
                0x00000001                ASSERT (((_vector_spacing == 0x0) || (SIZEOF (.vector_9) <= (_vector_spacing << 0x5))), function at exception vector 9 too large)

.vector_10      0x9fc01340        0x8
 *(.vector_10)
 .vector_10     0x9fc01340        0x8 c:/program files (x86)/microchip/xc32/v1.42/bin/bin/../../lib/gcc/pic32mx/4.8.3/../../../../pic32mx/lib\libpic32.a(vector10.o)
                0x9fc01340                __vector_dispatch_10
                0x00000001                ASSERT (((_vector_spacing == 0x0) || (SIZEOF (.vector_10) <= (_vector_spacing << 0x5))), function at exception vector 10 too large)

.vector_11      0x9fc01360        0x8
 *(.vector_11)
 .vector_11     0x9fc01360        0x8 c:/program files (x86)/microchip/xc32/v1.42/bin/bin/../../lib/gcc/pic32mx/4.8.3/../../../../pic32mx/lib\libpic32.a(vector11.o)
                0x9fc01360                __vector_dispatch_11
                0x00000001                ASSERT (((_vector_spacing == 0x0) || (SIZEOF (.vector_11) <= (_vector_spacing << 0x5))), function at exception vector 11 too large)

.vector_12      0x9fc01380        0x8
 *(.vector_12)
 .vector_12     0x9fc01380        0x8 c:/program files (x86)/microchip/xc32/v1.42/bin/bin/../../lib/gcc/pic32mx/4.8.3/../../../../pic32mx/lib\libpic32.a(vector12.o)
                0x9fc01380                __vector_dispatch_12
                0x00000001                ASSERT (((_vector_spacing == 0x0) || (SIZEOF (.vector_12) <= (_vector_spacing << 0x5))), function at exception vector 12 too large)

.vector_13      0x9fc013a0        0x8
 *(.vector_13)
 .vector_13     0x9fc013a0        0x8 c:/program files (x86)/microchip/xc32/v1.42/bin/bin/../../lib/gcc/pic32mx/4.8.3/../../../../pic32mx/lib\libpic32.a(vector13.o)
                0x9fc013a0                __vector_dispatch_13
                0x00000001                ASSERT (((_vector_spacing == 0x0) || (SIZEOF (.vector_13) <= (_vector_spacing << 0x5))), function at exception vector 13 too large)

.vector_14      0x9fc013c0        0x8
 *(.vector_14)
 .vector_14     0x9fc013c0        0x8 c:/program files (x86)/microchip/xc32/v1.42/bin/bin/../../lib/gcc/pic32mx/4.8.3/../../../../pic32mx/lib\libpic32.a(vector14.o)
                0x9fc013c0                __vector_dispatch_14
                0x00000001                ASSERT (((_vector_spacing == 0x0) || (SIZEOF (.vector_14) <= (_vector_spacing << 0x5))), function at exception vector 14 too large)

.vector_15      0x9fc013e0        0x8
 *(.vector_15)
 .vector_15     0x9fc013e0        0x8 c:/program files (x86)/microchip/xc32/v1.42/bin/bin/../../lib/gcc/pic32mx/4.8.3/../../../../pic32mx/lib\libpic32.a(vector15.o)
                0x9fc013e0                __vector_dispatch_15
                0x00000001                ASSERT (((_vector_spacing == 0x0) || (SIZEOF (.vector_15) <= (_vector_spacing << 0x5))), function at exception vector 15 too large)

.vector_16      0x9fc01400        0x8
 *(.vector_16)
 .vector_16     0x9fc01400        0x8 c:/program files (x86)/microchip/xc32/v1.42/bin/bin/../../lib/gcc/pic32mx/4.8.3/../../../../pic32mx/lib\libpic32.a(vector16.o)
                0x9fc01400                __vector_dispatch_16
                0x00000001                ASSERT (((_vector_spacing == 0x0) || (SIZEOF (.vector_16) <= (_vector_spacing << 0x5))), function at exception vector 16 too large)

.vector_17      0x9fc01420        0x8
 *(.vector_17)
 .vector_17     0x9fc01420        0x8 c:/program files (x86)/microchip/xc32/v1.42/bin/bin/../../lib/gcc/pic32mx/4.8.3/../../../../pic32mx/lib\libpic32.a(vector17.o)
                0x9fc01420                __vector_dispatch_17
                0x00000001                ASSERT (((_vector_spacing == 0x0) || (SIZEOF (.vector_17) <= (_vector_spacing << 0x5))), function at exception vector 17 too large)

.vector_18      0x9fc01440        0x8
 *(.vector_18)
 .vector_18     0x9fc01440        0x8 c:/program files (x86)/microchip/xc32/v1.42/bin/bin/../../lib/gcc/pic32mx/4.8.3/../../../../pic32mx/lib\libpic32.a(vector18.o)
                0x9fc01440                __vector_dispatch_18
                0x00000001                ASSERT (((_vector_spacing == 0x0) || (SIZEOF (.vector_18) <= (_vector_spacing << 0x5))), function at exception vector 18 too large)

.vector_19      0x9fc01460        0x8
 *(.vector_19)
 .vector_19     0x9fc01460        0x8 c:/program files (x86)/microchip/xc32/v1.42/bin/bin/../../lib/gcc/pic32mx/4.8.3/../../../../pic32mx/lib\libpic32.a(vector19.o)
                0x9fc01460                __vector_dispatch_19
                0x00000001                ASSERT (((_vector_spacing == 0x0) || (SIZEOF (.vector_19) <= (_vector_spacing << 0x5))), function at exception vector 19 too large)

.vector_20      0x9fc01480        0x8
 *(.vector_20)
 .vector_20     0x9fc01480        0x8 c:/program files (x86)/microchip/xc32/v1.42/bin/bin/../../lib/gcc/pic32mx/4.8.3/../../../../pic32mx/lib\libpic32.a(vector20.o)
                0x9fc01480                __vector_dispatch_20
                0x00000001                ASSERT (((_vector_spacing == 0x0) || (SIZEOF (.vector_20) <= (_vector_spacing << 0x5))), function at exception vector 20 too large)

.vector_21      0x9fc014a0        0x8
 *(.vector_21)
 .vector_21     0x9fc014a0        0x8 c:/program files (x86)/microchip/xc32/v1.42/bin/bin/../../lib/gcc/pic32mx/4.8.3/../../../../pic32mx/lib\libpic32.a(vector21.o)
                0x9fc014a0                __vector_dispatch_21
                0x00000001                ASSERT (((_vector_spacing == 0x0) || (SIZEOF (.vector_21) <= (_vector_spacing << 0x5))), function at exception vector 21 too large)

.vector_22      0x9fc014c0        0x8
 *(.vector_22)
 .vector_22     0x9fc014c0        0x8 c:/program files (x86)/microchip/xc32/v1.42/bin/bin/../../lib/gcc/pic32mx/4.8.3/../../../../pic32mx/lib\libpic32.a(vector22.o)
                0x9fc014c0                __vector_dispatch_22
                0x00000001                ASSERT (((_vector_spacing == 0x0) || (SIZEOF (.vector_22) <= (_vector_spacing << 0x5))), function at exception vector 22 too large)

.vector_23      0x9fc014e0       0x10
 *(.vector_23)
 .vector_23     0x9fc014e0       0x10 build/pic32mx795_pim_e16_freertos/production/_ext/481695355/system_interrupt_a.o
                0x9fc014e0                __vector_dispatch_23
                0x00000001                ASSERT (((_vector_spacing == 0x0) || (SIZEOF (.vector_23) <= (_vector_spacing << 0x5))), function at exception vector 23 too large)

.vector_24      0x9fc01500        0x8
 *(.vector_24)
 .vector_24     0x9fc01500        0x8 c:/program files (x86)/microchip/xc32/v1.42/bin/bin/../../lib/gcc/pic32mx/4.8.3/../../../../pic32mx/lib\libpic32.a(vector24.o)
                0x9fc01500                __vector_dispatch_24
                0x00000001                ASSERT (((_vector_spacing == 0x0) || (SIZEOF (.vector_24) <= (_vector_spacing << 0x5))), function at exception vector 24 too large)

.vector_25      0x9fc01520        0x8
 *(.vector_25)
 .vector_25     0x9fc01520        0x8 c:/program files (x86)/microchip/xc32/v1.42/bin/bin/../../lib/gcc/pic32mx/4.8.3/../../../../pic32mx/lib\libpic32.a(vector25.o)
                0x9fc01520                __vector_dispatch_25
                0x00000001                ASSERT (((_vector_spacing == 0x0) || (SIZEOF (.vector_25) <= (_vector_spacing << 0x5))), function at exception vector 25 too large)

.vector_26      0x9fc01540        0x8
 *(.vector_26)
 .vector_26     0x9fc01540        0x8 c:/program files (x86)/microchip/xc32/v1.42/bin/bin/../../lib/gcc/pic32mx/4.8.3/../../../../pic32mx/lib\libpic32.a(vector26.o)
                0x9fc01540                __vector_dispatch_26
                0x00000001                ASSERT (((_vector_spacing == 0x0) || (SIZEOF (.vector_26) <= (_vector_spacing << 0x5))), function at exception vector 26 too large)

.vector_27      0x9fc01560        0x8
 *(.vector_27)
 .vector_27     0x9fc01560        0x8 c:/program files (x86)/microchip/xc32/v1.42/bin/bin/../../lib/gcc/pic32mx/4.8.3/../../../../pic32mx/lib\libpic32.a(vector27.o)
                0x9fc01560                __vector_dispatch_27
                0x00000001                ASSERT (((_vector_spacing == 0x0) || (SIZEOF (.vector_27) <= (_vector_spacing << 0x5))), function at exception vector 27 too large)

.vector_28      0x9fc01580        0x8
 *(.vector_28)
 .vector_28     0x9fc01580        0x8 c:/program files (x86)/microchip/xc32/v1.42/bin/bin/../../lib/gcc/pic32mx/4.8.3/../../../../pic32mx/lib\libpic32.a(vector28.o)
                0x9fc01580                __vector_dispatch_28
                0x00000001                ASSERT (((_vector_spacing == 0x0) || (SIZEOF (.vector_28) <= (_vector_spacing << 0x5))), function at exception vector 28 too large)

.vector_29      0x9fc015a0        0x8
 *(.vector_29)
 .vector_29     0x9fc015a0        0x8 c:/program files (x86)/microchip/xc32/v1.42/bin/bin/../../lib/gcc/pic32mx/4.8.3/../../../../pic32mx/lib\libpic32.a(vector29.o)
                0x9fc015a0                __vector_dispatch_29
                0x00000001                ASSERT (((_vector_spacing == 0x0) || (SIZEOF (.vector_29) <= (_vector_spacing << 0x5))), function at exception vector 29 too large)

.vector_30      0x9fc015c0        0x8
 *(.vector_30)
 .vector_30     0x9fc015c0        0x8 c:/program files (x86)/microchip/xc32/v1.42/bin/bin/../../lib/gcc/pic32mx/4.8.3/../../../../pic32mx/lib\libpic32.a(vector30.o)
                0x9fc015c0                __vector_dispatch_30
                0x00000001                ASSERT (((_vector_spacing == 0x0) || (SIZEOF (.vector_30) <= (_vector_spacing << 0x5))), function at exception vector 30 too large)

.vector_31      0x9fc015e0        0x8
 *(.vector_31)
 .vector_31     0x9fc015e0        0x8 c:/program files (x86)/microchip/xc32/v1.42/bin/bin/../../lib/gcc/pic32mx/4.8.3/../../../../pic32mx/lib\libpic32.a(vector31.o)
                0x9fc015e0                __vector_dispatch_31
                0x00000001                ASSERT (((_vector_spacing == 0x0) || (SIZEOF (.vector_31) <= (_vector_spacing << 0x5))), function at exception vector 31 too large)

.vector_32      0x9fc01600       0x10
 *(.vector_32)
 .vector_32     0x9fc01600       0x10 build/pic32mx795_pim_e16_freertos/production/_ext/481695355/system_interrupt_a.o
                0x9fc01600                __vector_dispatch_32
                0x00000001                ASSERT (((_vector_spacing == 0x0) || (SIZEOF (.vector_32) <= (_vector_spacing << 0x5))), function at exception vector 32 too large)

.vector_33      0x9fc01620        0x8
 *(.vector_33)
 .vector_33     0x9fc01620        0x8 c:/program files (x86)/microchip/xc32/v1.42/bin/bin/../../lib/gcc/pic32mx/4.8.3/../../../../pic32mx/lib\libpic32.a(vector33.o)
                0x9fc01620                __vector_dispatch_33
                0x00000001                ASSERT (((_vector_spacing == 0x0) || (SIZEOF (.vector_33) <= (_vector_spacing << 0x5))), function at exception vector 33 too large)

.vector_34      0x9fc01640        0x8
 *(.vector_34)
 .vector_34     0x9fc01640        0x8 c:/program files (x86)/microchip/xc32/v1.42/bin/bin/../../lib/gcc/pic32mx/4.8.3/../../../../pic32mx/lib\libpic32.a(vector34.o)
                0x9fc01640                __vector_dispatch_34
                0x00000001                ASSERT (((_vector_spacing == 0x0) || (SIZEOF (.vector_34) <= (_vector_spacing << 0x5))), function at exception vector 34 too large)

.vector_35      0x9fc01660        0x8
 *(.vector_35)
 .vector_35     0x9fc01660        0x8 c:/program files (x86)/microchip/xc32/v1.42/bin/bin/../../lib/gcc/pic32mx/4.8.3/../../../../pic32mx/lib\libpic32.a(vector35.o)
                0x9fc01660                __vector_dispatch_35
                0x00000001                ASSERT (((_vector_spacing == 0x0) || (SIZEOF (.vector_35) <= (_vector_spacing << 0x5))), function at exception vector 35 too large)

.vector_36      0x9fc01680        0x8
 *(.vector_36)
 .vector_36     0x9fc01680        0x8 c:/program files (x86)/microchip/xc32/v1.42/bin/bin/../../lib/gcc/pic32mx/4.8.3/../../../../pic32mx/lib\libpic32.a(vector36.o)
                0x9fc01680                __vector_dispatch_36
                0x00000001                ASSERT (((_vector_spacing == 0x0) || (SIZEOF (.vector_36) <= (_vector_spacing << 0x5))), function at exception vector 36 too large)

.vector_37      0x9fc016a0        0x8
 *(.vector_37)
 .vector_37     0x9fc016a0        0x8 c:/program files (x86)/microchip/xc32/v1.42/bin/bin/../../lib/gcc/pic32mx/4.8.3/../../../../pic32mx/lib\libpic32.a(vector37.o)
                0x9fc016a0                __vector_dispatch_37
                0x00000001                ASSERT (((_vector_spacing == 0x0) || (SIZEOF (.vector_37) <= (_vector_spacing << 0x5))), function at exception vector 37 too large)

.vector_38      0x9fc016c0        0x8
 *(.vector_38)
 .vector_38     0x9fc016c0        0x8 c:/program files (x86)/microchip/xc32/v1.42/bin/bin/../../lib/gcc/pic32mx/4.8.3/../../../../pic32mx/lib\libpic32.a(vector38.o)
                0x9fc016c0                __vector_dispatch_38
                0x00000001                ASSERT (((_vector_spacing == 0x0) || (SIZEOF (.vector_38) <= (_vector_spacing << 0x5))), function at exception vector 38 too large)

.vector_39      0x9fc016e0        0x8
 *(.vector_39)
 .vector_39     0x9fc016e0        0x8 c:/program files (x86)/microchip/xc32/v1.42/bin/bin/../../lib/gcc/pic32mx/4.8.3/../../../../pic32mx/lib\libpic32.a(vector39.o)
                0x9fc016e0                __vector_dispatch_39
                0x00000001                ASSERT (((_vector_spacing == 0x0) || (SIZEOF (.vector_39) <= (_vector_spacing << 0x5))), function at exception vector 39 too large)

.vector_40      0x9fc01700        0x8
 *(.vector_40)
 .vector_40     0x9fc01700        0x8 c:/program files (x86)/microchip/xc32/v1.42/bin/bin/../../lib/gcc/pic32mx/4.8.3/../../../../pic32mx/lib\libpic32.a(vector40.o)
                0x9fc01700                __vector_dispatch_40
                0x00000001                ASSERT (((_vector_spacing == 0x0) || (SIZEOF (.vector_40) <= (_vector_spacing << 0x5))), function at exception vector 40 too large)

.vector_41      0x9fc01720        0x8
 *(.vector_41)
 .vector_41     0x9fc01720        0x8 c:/program files (x86)/microchip/xc32/v1.42/bin/bin/../../lib/gcc/pic32mx/4.8.3/../../../../pic32mx/lib\libpic32.a(vector41.o)
                0x9fc01720                __vector_dispatch_41
                0x00000001                ASSERT (((_vector_spacing == 0x0) || (SIZEOF (.vector_41) <= (_vector_spacing << 0x5))), function at exception vector 41 too large)

.vector_42      0x9fc01740        0x8
 *(.vector_42)
 .vector_42     0x9fc01740        0x8 c:/program files (x86)/microchip/xc32/v1.42/bin/bin/../../lib/gcc/pic32mx/4.8.3/../../../../pic32mx/lib\libpic32.a(vector42.o)
                0x9fc01740                __vector_dispatch_42
                0x00000001                ASSERT (((_vector_spacing == 0x0) || (SIZEOF (.vector_42) <= (_vector_spacing << 0x5))), function at exception vector 42 too large)

.vector_43      0x9fc01760        0x8
 *(.vector_43)
 .vector_43     0x9fc01760        0x8 c:/program files (x86)/microchip/xc32/v1.42/bin/bin/../../lib/gcc/pic32mx/4.8.3/../../../../pic32mx/lib\libpic32.a(vector43.o)
                0x9fc01760                __vector_dispatch_43
                0x00000001                ASSERT (((_vector_spacing == 0x0) || (SIZEOF (.vector_43) <= (_vector_spacing << 0x5))), function at exception vector 43 too large)

.vector_44      0x9fc01780        0x8
 *(.vector_44)
 .vector_44     0x9fc01780        0x8 c:/program files (x86)/microchip/xc32/v1.42/bin/bin/../../lib/gcc/pic32mx/4.8.3/../../../../pic32mx/lib\libpic32.a(vector44.o)
                0x9fc01780                __vector_dispatch_44
                0x00000001                ASSERT (((_vector_spacing == 0x0) || (SIZEOF (.vector_44) <= (_vector_spacing << 0x5))), function at exception vector 44 too large)

.vector_45      0x9fc017a0        0x8
 *(.vector_45)
 .vector_45     0x9fc017a0        0x8 c:/program files (x86)/microchip/xc32/v1.42/bin/bin/../../lib/gcc/pic32mx/4.8.3/../../../../pic32mx/lib\libpic32.a(vector45.o)
                0x9fc017a0                __vector_dispatch_45
                0x00000001                ASSERT (((_vector_spacing == 0x0) || (SIZEOF (.vector_45) <= (_vector_spacing << 0x5))), function at exception vector 45 too large)

.vector_46      0x9fc017c0        0x8
 *(.vector_46)
 .vector_46     0x9fc017c0        0x8 c:/program files (x86)/microchip/xc32/v1.42/bin/bin/../../lib/gcc/pic32mx/4.8.3/../../../../pic32mx/lib\libpic32.a(vector46.o)
                0x9fc017c0                __vector_dispatch_46
                0x00000001                ASSERT (((_vector_spacing == 0x0) || (SIZEOF (.vector_46) <= (_vector_spacing << 0x5))), function at exception vector 46 too large)

.vector_47      0x9fc017e0        0x8
 *(.vector_47)
 .vector_47     0x9fc017e0        0x8 c:/program files (x86)/microchip/xc32/v1.42/bin/bin/../../lib/gcc/pic32mx/4.8.3/../../../../pic32mx/lib\libpic32.a(vector47.o)
                0x9fc017e0                __vector_dispatch_47
                0x00000001                ASSERT (((_vector_spacing == 0x0) || (SIZEOF (.vector_47) <= (_vector_spacing << 0x5))), function at exception vector 47 too large)

.vector_48      0x9fc01800        0x8
 *(.vector_48)
 .vector_48     0x9fc01800        0x8 c:/program files (x86)/microchip/xc32/v1.42/bin/bin/../../lib/gcc/pic32mx/4.8.3/../../../../pic32mx/lib\libpic32.a(vector48.o)
                0x9fc01800                __vector_dispatch_48
                0x00000001                ASSERT (((_vector_spacing == 0x0) || (SIZEOF (.vector_48) <= (_vector_spacing << 0x5))), function at exception vector 48 too large)

.vector_49      0x9fc01820        0x8
 *(.vector_49)
 .vector_49     0x9fc01820        0x8 c:/program files (x86)/microchip/xc32/v1.42/bin/bin/../../lib/gcc/pic32mx/4.8.3/../../../../pic32mx/lib\libpic32.a(vector49.o)
                0x9fc01820                __vector_dispatch_49
                0x00000001                ASSERT (((_vector_spacing == 0x0) || (SIZEOF (.vector_49) <= (_vector_spacing << 0x5))), function at exception vector 49 too large)

.vector_50      0x9fc01840        0x8
 *(.vector_50)
 .vector_50     0x9fc01840        0x8 c:/program files (x86)/microchip/xc32/v1.42/bin/bin/../../lib/gcc/pic32mx/4.8.3/../../../../pic32mx/lib\libpic32.a(vector50.o)
                0x9fc01840                __vector_dispatch_50
                0x00000001                ASSERT (((_vector_spacing == 0x0) || (SIZEOF (.vector_50) <= (_vector_spacing << 0x5))), function at exception vector 50 too large)

.vector_51      0x9fc01860        0x8
 *(.vector_51)
 .vector_51     0x9fc01860        0x8 c:/program files (x86)/microchip/xc32/v1.42/bin/bin/../../lib/gcc/pic32mx/4.8.3/../../../../pic32mx/lib\libpic32.a(vector51.o)
                0x9fc01860                __vector_dispatch_51
                0x00000001                ASSERT (((_vector_spacing == 0x0) || (SIZEOF (.vector_51) <= (_vector_spacing << 0x5))), function at exception vector 51 too large)

.vector_52      0x9fc01880        0x0
 *(.vector_52)
                0x00000001                ASSERT (((_vector_spacing == 0x0) || (SIZEOF (.vector_52) <= (_vector_spacing << 0x5))), function at exception vector 52 too large)

.vector_53      0x9fc018a0        0x0
 *(.vector_53)
                0x00000001                ASSERT (((_vector_spacing == 0x0) || (SIZEOF (.vector_53) <= (_vector_spacing << 0x5))), function at exception vector 53 too large)

.vector_54      0x9fc018c0        0x0
 *(.vector_54)
                0x00000001                ASSERT (((_vector_spacing == 0x0) || (SIZEOF (.vector_54) <= (_vector_spacing << 0x5))), function at exception vector 54 too large)

.vector_55      0x9fc018e0        0x0
 *(.vector_55)
                0x00000001                ASSERT (((_vector_spacing == 0x0) || (SIZEOF (.vector_55) <= (_vector_spacing << 0x5))), function at exception vector 55 too large)

.vector_56      0x9fc01900        0x0
 *(.vector_56)
                0x00000001                ASSERT (((_vector_spacing == 0x0) || (SIZEOF (.vector_56) <= (_vector_spacing << 0x5))), function at exception vector 56 too large)

.vector_57      0x9fc01920        0x0
 *(.vector_57)
                0x00000001                ASSERT (((_vector_spacing == 0x0) || (SIZEOF (.vector_57) <= (_vector_spacing << 0x5))), function at exception vector 57 too large)

.vector_58      0x9fc01940        0x0
 *(.vector_58)
                0x00000001                ASSERT (((_vector_spacing == 0x0) || (SIZEOF (.vector_58) <= (_vector_spacing << 0x5))), function at exception vector 58 too large)

.vector_59      0x9fc01960        0x0
 *(.vector_59)
                0x00000001                ASSERT (((_vector_spacing == 0x0) || (SIZEOF (.vector_59) <= (_vector_spacing << 0x5))), function at exception vector 59 too large)

.vector_60      0x9fc01980        0x0
 *(.vector_60)
                0x00000001                ASSERT (((_vector_spacing == 0x0) || (SIZEOF (.vector_60) <= (_vector_spacing << 0x5))), function at exception vector 60 too large)

.vector_61      0x9fc019a0        0x0
 *(.vector_61)
                0x00000001                ASSERT (((_vector_spacing == 0x0) || (SIZEOF (.vector_61) <= (_vector_spacing << 0x5))), function at exception vector 61 too large)

.vector_62      0x9fc019c0        0x0
 *(.vector_62)
                0x00000001                ASSERT (((_vector_spacing == 0x0) || (SIZEOF (.vector_62) <= (_vector_spacing << 0x5))), function at exception vector 62 too large)

.vector_63      0x9fc019e0        0x0
 *(.vector_63)
                0x00000001                ASSERT (((_vector_spacing == 0x0) || (SIZEOF (.vector_63) <= (_vector_spacing << 0x5))), function at exception vector 63 too large)

.startup
 *(.startup)

.text           0x9d000000        0x0
 *(.stub .gnu.linkonce.t.*)
 *(.text.*personality*)
 *(.mips16.fn.*)
 *(.mips16.call.*)
 *(.gnu.warning)
                0x9d000000                . = ALIGN (0x4)

.init           0x9d000000        0x0
 *crti.o(.init)
 *crtbegin.o(.init)
 *(EXCLUDE_FILE(*crtn.o *crtend?.o *crtend.o) .init)
 *crtend.o(.init)
 *crtn.o(.init)
                0x9d000000                . = ALIGN (0x4)

.fini           0x9d000000        0x0
 *(.fini)
                0x9d000000                . = ALIGN (0x4)

.preinit_array  0x9d000000        0x0
                0x9d000000                PROVIDE (__preinit_array_start, .)
 *(.preinit_array)
                0x9d000000                PROVIDE (__preinit_array_end, .)
                0x9d000000                . = ALIGN (0x4)

.init_array     0x9d000000        0x0
                0x9d000000                PROVIDE (__init_array_start, .)
 *(SORT(.init_array.*))
 *(.init_array)
                0x9d000000                PROVIDE (__init_array_end, .)
                0x9d000000                . = ALIGN (0x4)

.fini_array     0x9d000000        0x0
                0x9d000000                PROVIDE (__fini_array_start, .)
 *(SORT(.fini_array.*))
 *(.fini_array)
                0x9d000000                PROVIDE (__fini_array_end, .)
                0x9d000000                . = ALIGN (0x4)

.ctors          0x9d000000        0x0
 *crtbegin.o(.ctors)
 *crtbegin?.o(.ctors)
 *(EXCLUDE_FILE(*crtend?.o *crtend.o) .ctors)
 *(SORT(.ctors.*))
 *(.ctors)
                0x9d000000                . = ALIGN (0x4)

.dtors          0x9d000000        0x0
 *crtbegin.o(.dtors)
 *crtbegin?.o(.dtors)
 *(EXCLUDE_FILE(*crtend?.o *crtend.o) .dtors)
 *(SORT(.dtors.*))
 *(.dtors)
                0x9d000000                . = ALIGN (0x4)

.rodata         0x9d000000        0x0
 *(.gnu.linkonce.r.*)
 *(.rodata1)
                0x9d000000                . = ALIGN (0x4)

.sdata2         0x9fc00490        0x0
 *(.sdata2 .sdata2.* .gnu.linkonce.s2.*)
                0x9fc00490                . = ALIGN (0x4)

.sbss2          0x9fc00490        0x0
 *(.sbss2 .sbss2.* .gnu.linkonce.sb2.*)
                0x9fc00490                . = ALIGN (0x4)

.eh_frame_hdr
 *(.eh_frame_hdr)
                0x9fc00490                . = ALIGN (0x4)

.eh_frame
 *(.eh_frame)
                0x9fc00490                . = ALIGN (0x4)

.gcc_except_table
 *(.gcc_except_table .gcc_except_table.*)
                0x9fc00490                . = ALIGN (0x4)

.dbg_data       0xa0000000        0x0
                0xa0000000                . = (. + DEFINED (_DEBUGGER)?0x200:0x0)

.jcr            0xa0000000        0x0
 *(.jcr)
                0xa0000000                . = ALIGN (0x4)

.eh_frame
 *(.eh_frame)
                0xa0000000                . = ALIGN (0x4)

.gcc_except_table
 *(.gcc_except_table .gcc_except_table.*)
                0xa0000000                . = ALIGN (0x4)

.persist        0xa0000000        0x0
                0xa0000000                _persist_begin = .
 *(.persist .persist.*)
 *(.pbss .pbss.*)
                0xa0000000                . = ALIGN (0x4)
                0xa0000000                _persist_end = .

.data           0xa0000000        0x0
 *(.gnu.linkonce.d.*)
 *(.data1)
                0xa0000000                . = ALIGN (0x4)
                0xa0000000                . = .
                0xa0007ff0                _gp = (ALIGN (0x10) + 0x7ff0)

.got            0xa0000000        0x0
 *(.got.plt)
 *(.got)
                0xa0000000                . = ALIGN (0x4)

.sdata          0xa0000000       0x14
                0xa0000000                _sdata_begin = .
 *(.sdata .sdata.* .gnu.linkonce.s.*)
 .sdata         0xa0000000        0x8 build/pic32mx795_pim_e16_freertos/production/_ext/1360937237/app.o
                0xa0000000                string2
                0xa0000004                string1
 .sdata         0xa0000008        0x4 build/pic32mx795_pim_e16_freertos/production/_ext/1475386849/port.o
                0xa0000008                uxInterruptNesting
 .sdata         0xa000000c        0x1 build/pic32mx795_pim_e16_freertos/production/_ext/1360937237/uart_cmd.o
 *fill*         0xa000000d        0x3 
 .sdata         0xa0000010        0x4 c:/program files (x86)/microchip/xc32/v1.42/bin/bin/../../lib/gcc/pic32mx/4.8.3/../../../../pic32mx/lib\libpic32.a(xc32_uart.o)
                0xa0000010                __XC_UART
                0xa0000014                . = ALIGN (0x4)
                0xa0000014                _sdata_end = .

.lit8
 *(.lit8)

.lit4
 *(.lit4)
                0xa0000014                . = ALIGN (0x4)
                0xa0000014                _data_end = .
                0xa0000014                _bss_begin = .

.sbss           0xa0000014       0xbc
                0xa0000014                _sbss_begin = .
 *(.dynsbss)
 *(.sbss .sbss.* .gnu.linkonce.sb.*)
 .sbss          0xa0000014        0x1 build/pic32mx795_pim_e16_freertos/production/_ext/1911170636/drv_tmr_static.o
 *fill*         0xa0000015        0x3 
 .sbss          0xa0000018        0xc build/pic32mx795_pim_e16_freertos/production/_ext/481695355/system_exceptions.o
 .sbss          0xa0000024        0x8 build/pic32mx795_pim_e16_freertos/production/_ext/1366647692/heap_1.o
 .sbss          0xa000002c        0x4 build/pic32mx795_pim_e16_freertos/production/_ext/1475386849/port.o
                0xa000002c                uxSavedTaskStackPointer
 .sbss          0xa0000030       0x3c build/pic32mx795_pim_e16_freertos/production/_ext/1241959881/tasks.o
                0xa0000068                pxCurrentTCB
 .sbss          0xa000006c        0x2 build/pic32mx795_pim_e16_freertos/production/_ext/1360937237/rf_app.o
                0xa000006c                rfLinkCnt
                0xa000006d                txInfoCnt
 *fill*         0xa000006e        0x2 
 .sbss          0xa0000070       0x20 build/pic32mx795_pim_e16_freertos/production/_ext/1360937237/rf_task.o
                0xa0000078                rfTestTick
                0xa0000080                rfGetError
                0xa0000084                rfGetData
                0xa0000088                rfTempData
                0xa000008c                sendDataLen
 .sbss          0xa0000090        0x2 build/pic32mx795_pim_e16_freertos/production/_ext/1360937237/uart_cmd.o
 *(.scommon)
 *fill*         0xa0000092        0x2 
 .scommon       0xa0000094        0x4 build/pic32mx795_pim_e16_freertos/production/_ext/1687506664/drv_spi_static.o
                0xa0000094                hQueueManager
 .scommon       0xa0000098        0x4 build/pic32mx795_pim_e16_freertos/production/_ext/1837109576/drv_usart_static.o
                0xa0000098                gDrvUSART0Obj
 .scommon       0xa000009c        0x4 build/pic32mx795_pim_e16_freertos/production/_ext/1360937237/app.o
                0xa000009c                B_CmdOK
                0xa00000a0                appDrvObject
 .scommon       0xa00000a0        0x8 build/pic32mx795_pim_e16_freertos/production/_ext/2019779704/sys_devcon.o
                0xa00000a0                sysDevconObj
 .scommon       0xa00000a8       0x20 build/pic32mx795_pim_e16_freertos/production/_ext/1360937237/rf_app.o
                0xa00000a8                losePktCnt
                0xa00000a9                getAckIrq
                0xa00000aa                gCnt
                0xa00000ab                infoCnt
                0xa00000ac                rfBufTail
                0xa00000b0                rfTaskPoint
                0xa00000b4                infoSync
                0xa00000b8                rfBufHead
                0xa00000bc                losePkt
                0xa00000c0                syncPkt
 .scommon       0xa00000c8        0x8 build/pic32mx795_pim_e16_freertos/production/_ext/1360937237/rf_config.o
                0xa00000c8                Bank1_Reg14
                0xa00000cc                Bank1_Reg0_13
 .scommon       0xa00000d0        0x0 build/pic32mx795_pim_e16_freertos/production/_ext/1360937237/rf_task.o
 .scommon       0xa00000d0        0x0 build/pic32mx795_pim_e16_freertos/production/_ext/1360937237/uart_cmd.o
                0xa00000d0                _sbss_end = .
                0xa00000d0                . = ALIGN (0x4)

.bss            0xa00000d0     0x43d8
 *(.dynbss)
 *(COMMON)
 COMMON         0xa00000d0       0x20 build/pic32mx795_pim_e16_freertos/production/_ext/1687506664/drv_spi_static.o
                0xa00000d0                gDrvSPI0Obj
 COMMON         0xa00000f0       0x10 build/pic32mx795_pim_e16_freertos/production/_ext/481695355/system_init.o
                0xa00000f0                sysObj
 COMMON         0xa0000100      0x240 build/pic32mx795_pim_e16_freertos/production/_ext/1360937237/app.o
                0xa0000100                sTxData
                0xa0000200                uart_cmd_buf
                0xa0000210                sRxData
                0xa0000310                uart_msg_buf
 COMMON         0xa0000340     0x414c build/pic32mx795_pim_e16_freertos/production/_ext/1360937237/rf_app.o
                0xa0000340                infoPktBackup
                0xa0000378                infoPkt
                0xa00003b0                getPkt
                0xa000048c                rfTaskBuf
 *fill*         0xa000448c        0x4 
 COMMON         0xa0004490       0x18 build/pic32mx795_pim_e16_freertos/production/_ext/1360937237/rf_config.o
                0xa0004490                rfStatus
                0xa00044a8                . = ALIGN ((. != 0x0)?0x4:0x1)
                0xa00044a8                . = ALIGN (0x4)
                0xa00044a8                _end = .
                0xa00044a8                _bss_end = .
                0x00020000                _bmxdudba_address = 0x20000
                0x00020000                _bmxdupba_address = 0x20000

/DISCARD/
 *(.pdr)
 *(.rel.dyn)
 *(.note.GNU-stack)
 *(.note.GNU-stack)
 *(.gnu_debuglink)
 *(.gnu.lto_*)
 *(.discard)

.gptab.sdata
 *(.gptab.data)
 *(.gptab.sdata)

.gptab.sbss
 *(.gptab.bss)
 *(.gptab.sbss)

.mdebug.abi32   0xa00044a8        0x0
 *(.mdebug.abi32)
 .mdebug.abi32  0xa00044a8        0x0 build/pic32mx795_pim_e16_freertos/production/_ext/1687506664/drv_spi_static.o
 .mdebug.abi32  0xa00044a8        0x0 build/pic32mx795_pim_e16_freertos/production/_ext/1687506664/drv_spi_mapping.o
 .mdebug.abi32  0xa00044a8        0x0 build/pic32mx795_pim_e16_freertos/production/_ext/1687506664/drv_spi_static_tasks.o
 .mdebug.abi32  0xa00044a8        0x0 build/pic32mx795_pim_e16_freertos/production/_ext/1687506664/drv_spi_static_sys_queue.o
 .mdebug.abi32  0xa00044a8        0x0 build/pic32mx795_pim_e16_freertos/production/_ext/1687506664/drv_spi_static_rm_tasks.o
 .mdebug.abi32  0xa00044a8        0x0 build/pic32mx795_pim_e16_freertos/production/_ext/1911170636/drv_tmr_static.o
 .mdebug.abi32  0xa00044a8        0x0 build/pic32mx795_pim_e16_freertos/production/_ext/1911170636/drv_tmr_mapping.o
 .mdebug.abi32  0xa00044a8        0x0 build/pic32mx795_pim_e16_freertos/production/_ext/1837109576/drv_usart_mapping.o
 .mdebug.abi32  0xa00044a8        0x0 build/pic32mx795_pim_e16_freertos/production/_ext/1837109576/drv_usart_static.o
 .mdebug.abi32  0xa00044a8        0x0 build/pic32mx795_pim_e16_freertos/production/_ext/1837109576/drv_usart_static_byte_model.o
 .mdebug.abi32  0xa00044a8        0x0 build/pic32mx795_pim_e16_freertos/production/_ext/336749348/sys_clk_static.o
 .mdebug.abi32  0xa00044a8        0x0 build/pic32mx795_pim_e16_freertos/production/_ext/1308808844/sys_ports_static.o
 .mdebug.abi32  0xa00044a8        0x0 build/pic32mx795_pim_e16_freertos/production/_ext/481695355/system_init.o
 .mdebug.abi32  0xa00044a8        0x0 build/pic32mx795_pim_e16_freertos/production/_ext/481695355/system_interrupt.o
 .mdebug.abi32  0xa00044a8        0x0 build/pic32mx795_pim_e16_freertos/production/_ext/481695355/system_exceptions.o
 .mdebug.abi32  0xa00044a8        0x0 build/pic32mx795_pim_e16_freertos/production/_ext/481695355/system_tasks.o
 .mdebug.abi32  0xa00044a8        0x0 build/pic32mx795_pim_e16_freertos/production/_ext/481695355/rtos_hooks.o
 .mdebug.abi32  0xa00044a8        0x0 build/pic32mx795_pim_e16_freertos/production/_ext/1360937237/app.o
 .mdebug.abi32  0xa00044a8        0x0 build/pic32mx795_pim_e16_freertos/production/_ext/1360937237/main.o
 .mdebug.abi32  0xa00044a8        0x0 build/pic32mx795_pim_e16_freertos/production/_ext/167849476/bsp_sys_init.o
 .mdebug.abi32  0xa00044a8        0x0 build/pic32mx795_pim_e16_freertos/production/_ext/1423261102/osal_freertos.o
 .mdebug.abi32  0xa00044a8        0x0 build/pic32mx795_pim_e16_freertos/production/_ext/2019779704/sys_devcon.o
 .mdebug.abi32  0xa00044a8        0x0 build/pic32mx795_pim_e16_freertos/production/_ext/2019779704/sys_devcon_pic32mx.o
 .mdebug.abi32  0xa00044a8        0x0 build/pic32mx795_pim_e16_freertos/production/_ext/1620769490/sys_int_pic32.o
 .mdebug.abi32  0xa00044a8        0x0 build/pic32mx795_pim_e16_freertos/production/_ext/1366647692/heap_1.o
 .mdebug.abi32  0xa00044a8        0x0 build/pic32mx795_pim_e16_freertos/production/_ext/1475386849/port.o
 .mdebug.abi32  0xa00044a8        0x0 build/pic32mx795_pim_e16_freertos/production/_ext/1241959881/croutine.o
 .mdebug.abi32  0xa00044a8        0x0 build/pic32mx795_pim_e16_freertos/production/_ext/1241959881/list.o
 .mdebug.abi32  0xa00044a8        0x0 build/pic32mx795_pim_e16_freertos/production/_ext/1241959881/queue.o
 .mdebug.abi32  0xa00044a8        0x0 build/pic32mx795_pim_e16_freertos/production/_ext/1241959881/tasks.o
 .mdebug.abi32  0xa00044a8        0x0 build/pic32mx795_pim_e16_freertos/production/_ext/1241959881/timers.o
 .mdebug.abi32  0xa00044a8        0x0 build/pic32mx795_pim_e16_freertos/production/_ext/1241959881/event_groups.o
 .mdebug.abi32  0xa00044a8        0x0 build/pic32mx795_pim_e16_freertos/production/_ext/1360937237/rf_app.o
 .mdebug.abi32  0xa00044a8        0x0 build/pic32mx795_pim_e16_freertos/production/_ext/1360937237/rf_config.o
 .mdebug.abi32  0xa00044a8        0x0 build/pic32mx795_pim_e16_freertos/production/_ext/1360937237/rf_task.o
 .mdebug.abi32  0xa00044a8        0x0 build/pic32mx795_pim_e16_freertos/production/_ext/1360937237/uart_cmd.o
 .mdebug.abi32  0xa00044a8        0x0 c:/program files (x86)/microchip/xc32/v1.42/bin/bin/../../lib/gcc/pic32mx/4.8.3\libgcc.a(_fixunssfdi.o)
 .mdebug.abi32  0xa00044a8        0x0 c:/program files (x86)/microchip/xc32/v1.42/bin/bin/../../lib/gcc/pic32mx/4.8.3\libgcc.a(_floatundisf.o)
 .mdebug.abi32  0xa00044a8        0x0 c:/program files (x86)/microchip/xc32/v1.42/bin/bin/../../lib/gcc/pic32mx/4.8.3\libgcc.a(floatunsidf.o)
 .mdebug.abi32  0xa00044a8        0x0 c:/program files (x86)/microchip/xc32/v1.42/bin/bin/../../lib/gcc/pic32mx/4.8.3/../../../../pic32mx/lib\libpic32.a(default-bootstrap-exception-handler.o)
 .mdebug.abi32  0xa00044a8        0x0 c:/program files (x86)/microchip/xc32/v1.42/bin/bin/../../lib/gcc/pic32mx/4.8.3/../../../../pic32mx/lib\libpic32.a(default-on-reset.o)
 .mdebug.abi32  0xa00044a8        0x0 c:/program files (x86)/microchip/xc32/v1.42/bin/bin/../../lib/gcc/pic32mx/4.8.3/../../../../pic32mx/lib\libpic32.a(default-on-bootstrap.o)
 .mdebug.abi32  0xa00044a8        0x0 c:/program files (x86)/microchip/xc32/v1.42/bin/bin/../../lib/gcc/pic32mx/4.8.3/../../../../pic32mx/lib\libpic32.a(defaultinterrupt.o)
 .mdebug.abi32  0xa00044a8        0x0 c:/program files (x86)/microchip/xc32/v1.42/bin/bin/../../lib/gcc/pic32mx/4.8.3/../../../../pic32mx/lib\libc.a(sprintf_cdnopuxX.eo)
 .mdebug.abi32  0xa00044a8        0x0 c:/program files (x86)/microchip/xc32/v1.42/bin/bin/../../lib/gcc/pic32mx/4.8.3/../../../../pic32mx/lib\libc.a(doprnt_cdnopuxX.eo)
 .mdebug.abi32  0xa00044a8        0x0 c:/program files (x86)/microchip/xc32/v1.42/bin/bin/../../lib/gcc/pic32mx/4.8.3/../../../../pic32mx/lib\libc.a(_fputc_simple.o)
 .mdebug.abi32  0xa00044a8        0x0 c:/program files (x86)/microchip/xc32/v1.42/bin/bin/../../lib/gcc/pic32mx/4.8.3/../../../../pic32mx/lib\libc.a(ctype.o)
 .mdebug.abi32  0xa00044a8        0x0 c:/program files (x86)/microchip/xc32/v1.42/bin/bin/../../lib/gcc/pic32mx/4.8.3/../../../../pic32mx/lib\libc.a(_iob.o)
 .mdebug.abi32  0xa00044a8        0x0 c:/program files (x86)/microchip/xc32/v1.42/bin/bin/../../lib/gcc/pic32mx/4.8.3/../../../../pic32mx/lib\libc.a(_flsbuf_simple.o)
 .mdebug.abi32  0xa00044a8        0x0 c:/program files (x86)/microchip/xc32/v1.42/bin/bin/../../lib/gcc/pic32mx/4.8.3/../../../../pic32mx/lib\libpic32.a(write.o)
 .mdebug.abi32  0xa00044a8        0x0 c:/program files (x86)/microchip/xc32/v1.42/bin/bin/../../lib/gcc/pic32mx/4.8.3/../../../../pic32mx/lib\libpic32.a(_mon_putc.o)
 .mdebug.abi32  0xa00044a8        0x0 c:/program files (x86)/microchip/xc32/v1.42/bin/bin/../../lib/gcc/pic32mx/4.8.3/../../../../pic32mx/lib\libpic32.a(xc32_uart.o)
 .mdebug.abi32  0xa00044a8        0x0 c:/program files (x86)/microchip/xc32/v1.42/bin/bin/../../lib/gcc/pic32mx/4.8.3\libgcc.a(_udivdi3.o)
 .mdebug.abi32  0xa00044a8        0x0 c:/program files (x86)/microchip/xc32/v1.42/bin/bin/../../lib/gcc/pic32mx/4.8.3\libgcc.a(_umoddi3.o)

.mdebug.abiN32
 *(.mdebug.abiN32)

.mdebug.abi64
 *(.mdebug.abi64)

.mdebug.abiO64
 *(.mdebug.abiO64)

.mdebug.eabi32
 *(.mdebug.eabi32)

.mdebug.eabi64
 *(.mdebug.eabi64)

.gcc_compiled_long32
 *(.gcc_compiled_long32)

.gcc_compiled_long64
 *(.gcc_compiled_long64)

.stab
 *(.stab)

.stabstr
 *(.stabstr)

.stab.excl
 *(.stab.excl)

.stab.exclstr
 *(.stab.exclstr)

.stab.index
 *(.stab.index)

.stab.indexstr
 *(.stab.indexstr)

.comment        0x00000000       0xa2
 *(.comment)
 .comment       0x00000000       0x3c build/pic32mx795_pim_e16_freertos/production/_ext/1687506664/drv_spi_static.o
                                 0x3d (size before relaxing)
 .comment       0x00000000       0x3d build/pic32mx795_pim_e16_freertos/production/_ext/1687506664/drv_spi_mapping.o
 .comment       0x00000000       0x3d build/pic32mx795_pim_e16_freertos/production/_ext/1687506664/drv_spi_static_tasks.o
 .comment       0x00000000       0x3d build/pic32mx795_pim_e16_freertos/production/_ext/1687506664/drv_spi_static_sys_queue.o
 .comment       0x00000000       0x3d build/pic32mx795_pim_e16_freertos/production/_ext/1687506664/drv_spi_static_rm_tasks.o
 .comment       0x00000000       0x3d build/pic32mx795_pim_e16_freertos/production/_ext/1911170636/drv_tmr_static.o
 .comment       0x00000000       0x3d build/pic32mx795_pim_e16_freertos/production/_ext/1911170636/drv_tmr_mapping.o
 .comment       0x00000000       0x3d build/pic32mx795_pim_e16_freertos/production/_ext/1837109576/drv_usart_mapping.o
 .comment       0x00000000       0x3d build/pic32mx795_pim_e16_freertos/production/_ext/1837109576/drv_usart_static.o
 .comment       0x00000000       0x3d build/pic32mx795_pim_e16_freertos/production/_ext/1837109576/drv_usart_static_byte_model.o
 .comment       0x00000000       0x3d build/pic32mx795_pim_e16_freertos/production/_ext/336749348/sys_clk_static.o
 .comment       0x00000000       0x3d build/pic32mx795_pim_e16_freertos/production/_ext/1308808844/sys_ports_static.o
 .comment       0x00000000       0x3d build/pic32mx795_pim_e16_freertos/production/_ext/481695355/system_init.o
 .comment       0x00000000       0x3d build/pic32mx795_pim_e16_freertos/production/_ext/481695355/system_interrupt.o
 .comment       0x00000000       0x3d build/pic32mx795_pim_e16_freertos/production/_ext/481695355/system_exceptions.o
 .comment       0x00000000       0x3d build/pic32mx795_pim_e16_freertos/production/_ext/481695355/system_tasks.o
 .comment       0x00000000       0x3d build/pic32mx795_pim_e16_freertos/production/_ext/481695355/rtos_hooks.o
 .comment       0x00000000       0x3d build/pic32mx795_pim_e16_freertos/production/_ext/1360937237/app.o
 .comment       0x00000000       0x3d build/pic32mx795_pim_e16_freertos/production/_ext/1360937237/main.o
 .comment       0x00000000       0x3d build/pic32mx795_pim_e16_freertos/production/_ext/167849476/bsp_sys_init.o
 .comment       0x00000000       0x3d build/pic32mx795_pim_e16_freertos/production/_ext/1423261102/osal_freertos.o
 .comment       0x00000000       0x3d build/pic32mx795_pim_e16_freertos/production/_ext/2019779704/sys_devcon.o
 .comment       0x00000000       0x3d build/pic32mx795_pim_e16_freertos/production/_ext/2019779704/sys_devcon_pic32mx.o
 .comment       0x00000000       0x3d build/pic32mx795_pim_e16_freertos/production/_ext/1620769490/sys_int_pic32.o
 .comment       0x00000000       0x3d build/pic32mx795_pim_e16_freertos/production/_ext/1366647692/heap_1.o
 .comment       0x00000000       0x3d build/pic32mx795_pim_e16_freertos/production/_ext/1475386849/port.o
 .comment       0x00000000       0x3d build/pic32mx795_pim_e16_freertos/production/_ext/1241959881/croutine.o
 .comment       0x00000000       0x3d build/pic32mx795_pim_e16_freertos/production/_ext/1241959881/list.o
 .comment       0x00000000       0x3d build/pic32mx795_pim_e16_freertos/production/_ext/1241959881/queue.o
 .comment       0x00000000       0x3d build/pic32mx795_pim_e16_freertos/production/_ext/1241959881/tasks.o
 .comment       0x00000000       0x3d build/pic32mx795_pim_e16_freertos/production/_ext/1241959881/timers.o
 .comment       0x00000000       0x3d build/pic32mx795_pim_e16_freertos/production/_ext/1241959881/event_groups.o
 .comment       0x00000000       0x3d build/pic32mx795_pim_e16_freertos/production/_ext/1360937237/rf_app.o
 .comment       0x00000000       0x3d build/pic32mx795_pim_e16_freertos/production/_ext/1360937237/rf_config.o
 .comment       0x00000000       0x3d build/pic32mx795_pim_e16_freertos/production/_ext/1360937237/rf_task.o
 .comment       0x00000000       0x3d build/pic32mx795_pim_e16_freertos/production/_ext/1360937237/uart_cmd.o
 .comment       0x00000000       0x3d c:/program files (x86)/microchip/xc32/v1.42/bin/bin/../../lib/gcc/pic32mx/4.8.3\libgcc.a(_fixunssfdi.o)
 .comment       0x00000000       0x3d c:/program files (x86)/microchip/xc32/v1.42/bin/bin/../../lib/gcc/pic32mx/4.8.3\libgcc.a(_floatundisf.o)
 .comment       0x00000000       0x3d c:/program files (x86)/microchip/xc32/v1.42/bin/bin/../../lib/gcc/pic32mx/4.8.3\libgcc.a(floatunsidf.o)
 .comment       0x0000003c       0x18 c:/program files (x86)/microchip/xc32/v1.42/bin/bin/../../lib/gcc/pic32mx/4.8.3/../../../../pic32mx/lib\libpic32.a(memset.o)
                                 0x19 (size before relaxing)
 .comment       0x00000000       0x3d c:/program files (x86)/microchip/xc32/v1.42/bin/bin/../../lib/gcc/pic32mx/4.8.3/../../../../pic32mx/lib\libpic32.a(default-bootstrap-exception-handler.o)
 .comment       0x00000000       0x3d c:/program files (x86)/microchip/xc32/v1.42/bin/bin/../../lib/gcc/pic32mx/4.8.3/../../../../pic32mx/lib\libpic32.a(default-on-reset.o)
 .comment       0x00000000       0x3d c:/program files (x86)/microchip/xc32/v1.42/bin/bin/../../lib/gcc/pic32mx/4.8.3/../../../../pic32mx/lib\libpic32.a(default-on-bootstrap.o)
 .comment       0x00000000       0x3d c:/program files (x86)/microchip/xc32/v1.42/bin/bin/../../lib/gcc/pic32mx/4.8.3/../../../../pic32mx/lib\libpic32.a(defaultinterrupt.o)
 .comment       0x00000000       0x3d c:/program files (x86)/microchip/xc32/v1.42/bin/bin/../../lib/gcc/pic32mx/4.8.3/../../../../pic32mx/lib\libc.a(sprintf_cdnopuxX.eo)
 .comment       0x00000000       0x3d c:/program files (x86)/microchip/xc32/v1.42/bin/bin/../../lib/gcc/pic32mx/4.8.3/../../../../pic32mx/lib\libc.a(doprnt_cdnopuxX.eo)
 .comment       0x00000000       0x3d c:/program files (x86)/microchip/xc32/v1.42/bin/bin/../../lib/gcc/pic32mx/4.8.3/../../../../pic32mx/lib\libc.a(_fputc_simple.o)
 .comment       0x00000054       0x4e c:/program files (x86)/microchip/xc32/v1.42/bin/bin/../../lib/gcc/pic32mx/4.8.3/../../../../pic32mx/lib\libc.a(ctype.o)
                                 0x8b (size before relaxing)
 .comment       0x00000000       0x3d c:/program files (x86)/microchip/xc32/v1.42/bin/bin/../../lib/gcc/pic32mx/4.8.3/../../../../pic32mx/lib\libc.a(_iob.o)
 .comment       0x00000000       0x3d c:/program files (x86)/microchip/xc32/v1.42/bin/bin/../../lib/gcc/pic32mx/4.8.3/../../../../pic32mx/lib\libc.a(_flsbuf_simple.o)
 .comment       0x00000000       0x3d c:/program files (x86)/microchip/xc32/v1.42/bin/bin/../../lib/gcc/pic32mx/4.8.3/../../../../pic32mx/lib\libpic32.a(write.o)
 .comment       0x00000000       0x3d c:/program files (x86)/microchip/xc32/v1.42/bin/bin/../../lib/gcc/pic32mx/4.8.3/../../../../pic32mx/lib\libpic32.a(_mon_putc.o)
 .comment       0x00000000       0x3d c:/program files (x86)/microchip/xc32/v1.42/bin/bin/../../lib/gcc/pic32mx/4.8.3/../../../../pic32mx/lib\libpic32.a(xc32_uart.o)
 .comment       0x00000000       0x3d c:/program files (x86)/microchip/xc32/v1.42/bin/bin/../../lib/gcc/pic32mx/4.8.3\libgcc.a(_udivdi3.o)
 .comment       0x00000000       0x3d c:/program files (x86)/microchip/xc32/v1.42/bin/bin/../../lib/gcc/pic32mx/4.8.3\libgcc.a(_umoddi3.o)

.debug
 *(.debug)

.line
 *(.line)

.debug_srcinfo
 *(.debug_srcinfo)

.debug_sfnames
 *(.debug_sfnames)

.debug_aranges  0x00000000     0x10d8
 *(.debug_aranges)
 .debug_aranges
                0x00000000       0xb0 build/pic32mx795_pim_e16_freertos/production/_ext/1687506664/drv_spi_static.o
 .debug_aranges
                0x000000b0       0x88 build/pic32mx795_pim_e16_freertos/production/_ext/1687506664/drv_spi_mapping.o
 .debug_aranges
                0x00000138       0x20 build/pic32mx795_pim_e16_freertos/production/_ext/1687506664/drv_spi_static_tasks.o
 .debug_aranges
                0x00000158       0xd8 build/pic32mx795_pim_e16_freertos/production/_ext/1687506664/drv_spi_static_sys_queue.o
 .debug_aranges
                0x00000230       0x28 build/pic32mx795_pim_e16_freertos/production/_ext/1687506664/drv_spi_static_rm_tasks.o
 .debug_aranges
                0x00000258       0x88 build/pic32mx795_pim_e16_freertos/production/_ext/1911170636/drv_tmr_static.o
 .debug_aranges
                0x000002e0       0xc8 build/pic32mx795_pim_e16_freertos/production/_ext/1911170636/drv_tmr_mapping.o
 .debug_aranges
                0x000003a8       0xa8 build/pic32mx795_pim_e16_freertos/production/_ext/1837109576/drv_usart_mapping.o
 .debug_aranges
                0x00000450       0x78 build/pic32mx795_pim_e16_freertos/production/_ext/1837109576/drv_usart_static.o
 .debug_aranges
                0x000004c8       0x48 build/pic32mx795_pim_e16_freertos/production/_ext/1837109576/drv_usart_static_byte_model.o
 .debug_aranges
                0x00000510       0x50 build/pic32mx795_pim_e16_freertos/production/_ext/336749348/sys_clk_static.o
 .debug_aranges
                0x00000560      0x108 build/pic32mx795_pim_e16_freertos/production/_ext/1308808844/sys_ports_static.o
 .debug_aranges
                0x00000668       0x20 build/pic32mx795_pim_e16_freertos/production/_ext/481695355/system_init.o
 .debug_aranges
                0x00000688       0x38 build/pic32mx795_pim_e16_freertos/production/_ext/481695355/system_interrupt.o
 .debug_aranges
                0x000006c0       0x20 build/pic32mx795_pim_e16_freertos/production/_ext/481695355/system_exceptions.o
 .debug_aranges
                0x000006e0       0x30 build/pic32mx795_pim_e16_freertos/production/_ext/481695355/system_tasks.o
 .debug_aranges
                0x00000710       0x58 build/pic32mx795_pim_e16_freertos/production/_ext/481695355/system_interrupt_a.o
 .debug_aranges
                0x00000768       0x28 build/pic32mx795_pim_e16_freertos/production/_ext/481695355/rtos_hooks.o
 .debug_aranges
                0x00000790       0x38 build/pic32mx795_pim_e16_freertos/production/_ext/1360937237/app.o
 .debug_aranges
                0x000007c8       0x20 build/pic32mx795_pim_e16_freertos/production/_ext/1360937237/main.o
 .debug_aranges
                0x000007e8       0x68 build/pic32mx795_pim_e16_freertos/production/_ext/167849476/bsp_sys_init.o
 .debug_aranges
                0x00000850       0x88 build/pic32mx795_pim_e16_freertos/production/_ext/1423261102/osal_freertos.o
 .debug_aranges
                0x000008d8       0x78 build/pic32mx795_pim_e16_freertos/production/_ext/2019779704/sys_devcon.o
 .debug_aranges
                0x00000950       0x20 build/pic32mx795_pim_e16_freertos/production/_ext/2019779704/sys_devcon_pic32mx.o
 .debug_aranges
                0x00000970       0x48 build/pic32mx795_pim_e16_freertos/production/_ext/1620769490/sys_int_pic32.o
 .debug_aranges
                0x000009b8       0x38 build/pic32mx795_pim_e16_freertos/production/_ext/1366647692/heap_1.o
 .debug_aranges
                0x000009f0       0x58 build/pic32mx795_pim_e16_freertos/production/_ext/1475386849/port.o
 .debug_aranges
                0x00000a48       0x20 build/pic32mx795_pim_e16_freertos/production/_ext/1475386849/port_asm.o
 .debug_aranges
                0x00000a68       0x18 build/pic32mx795_pim_e16_freertos/production/_ext/1241959881/croutine.o
 .debug_aranges
                0x00000a80       0x40 build/pic32mx795_pim_e16_freertos/production/_ext/1241959881/list.o
 .debug_aranges
                0x00000ac0       0xb0 build/pic32mx795_pim_e16_freertos/production/_ext/1241959881/queue.o
 .debug_aranges
                0x00000b70      0x178 build/pic32mx795_pim_e16_freertos/production/_ext/1241959881/tasks.o
 .debug_aranges
                0x00000ce8       0x18 build/pic32mx795_pim_e16_freertos/production/_ext/1241959881/timers.o
 .debug_aranges
                0x00000d00       0x60 build/pic32mx795_pim_e16_freertos/production/_ext/1241959881/event_groups.o
 .debug_aranges
                0x00000d60       0x70 build/pic32mx795_pim_e16_freertos/production/_ext/1360937237/rf_app.o
 .debug_aranges
                0x00000dd0       0xd0 build/pic32mx795_pim_e16_freertos/production/_ext/1360937237/rf_config.o
 .debug_aranges
                0x00000ea0       0x28 build/pic32mx795_pim_e16_freertos/production/_ext/1360937237/rf_task.o
 .debug_aranges
                0x00000ec8       0x30 build/pic32mx795_pim_e16_freertos/production/_ext/1360937237/uart_cmd.o
 .debug_aranges
                0x00000ef8       0x20 c:/program files (x86)/microchip/xc32/v1.42/bin/bin/../../lib/gcc/pic32mx/4.8.3\libgcc.a(_fixunssfdi.o)
 .debug_aranges
                0x00000f18       0x20 c:/program files (x86)/microchip/xc32/v1.42/bin/bin/../../lib/gcc/pic32mx/4.8.3\libgcc.a(_floatundisf.o)
 .debug_aranges
                0x00000f38       0x20 c:/program files (x86)/microchip/xc32/v1.42/bin/bin/../../lib/gcc/pic32mx/4.8.3\libgcc.a(floatunsidf.o)
 .debug_aranges
                0x00000f58       0x20 c:/program files (x86)/microchip/xc32/v1.42/bin/bin/../../lib/gcc/pic32mx/4.8.3/../../../../pic32mx/lib\libpic32.a(default-bootstrap-exception-handler.o)
 .debug_aranges
                0x00000f78       0x20 c:/program files (x86)/microchip/xc32/v1.42/bin/bin/../../lib/gcc/pic32mx/4.8.3/../../../../pic32mx/lib\libpic32.a(default-on-reset.o)
 .debug_aranges
                0x00000f98       0x20 c:/program files (x86)/microchip/xc32/v1.42/bin/bin/../../lib/gcc/pic32mx/4.8.3/../../../../pic32mx/lib\libpic32.a(default-on-bootstrap.o)
 .debug_aranges
                0x00000fb8       0x20 c:/program files (x86)/microchip/xc32/v1.42/bin/bin/../../lib/gcc/pic32mx/4.8.3/../../../../pic32mx/lib\libpic32.a(defaultinterrupt.o)
 .debug_aranges
                0x00000fd8       0x20 c:/program files (x86)/microchip/xc32/v1.42/bin/bin/../../lib/gcc/pic32mx/4.8.3/../../../../pic32mx/lib\libc.a(sprintf_cdnopuxX.eo)
 .debug_aranges
                0x00000ff8       0x20 c:/program files (x86)/microchip/xc32/v1.42/bin/bin/../../lib/gcc/pic32mx/4.8.3/../../../../pic32mx/lib\libc.a(doprnt_cdnopuxX.eo)
 .debug_aranges
                0x00001018       0x20 c:/program files (x86)/microchip/xc32/v1.42/bin/bin/../../lib/gcc/pic32mx/4.8.3/../../../../pic32mx/lib\libc.a(_fputc_simple.o)
 .debug_aranges
                0x00001038       0x20 c:/program files (x86)/microchip/xc32/v1.42/bin/bin/../../lib/gcc/pic32mx/4.8.3/../../../../pic32mx/lib\libc.a(_flsbuf_simple.o)
 .debug_aranges
                0x00001058       0x20 c:/program files (x86)/microchip/xc32/v1.42/bin/bin/../../lib/gcc/pic32mx/4.8.3/../../../../pic32mx/lib\libpic32.a(write.o)
 .debug_aranges
                0x00001078       0x20 c:/program files (x86)/microchip/xc32/v1.42/bin/bin/../../lib/gcc/pic32mx/4.8.3/../../../../pic32mx/lib\libpic32.a(_mon_putc.o)
 .debug_aranges
                0x00001098       0x20 c:/program files (x86)/microchip/xc32/v1.42/bin/bin/../../lib/gcc/pic32mx/4.8.3\libgcc.a(_udivdi3.o)
 .debug_aranges
                0x000010b8       0x20 c:/program files (x86)/microchip/xc32/v1.42/bin/bin/../../lib/gcc/pic32mx/4.8.3\libgcc.a(_umoddi3.o)

.debug_pubnames
 *(.debug_pubnames)

.debug_info     0x00000000    0x3a327
 *(.debug_info .gnu.linkonce.wi.*)
 .debug_info    0x00000000     0x4c5f build/pic32mx795_pim_e16_freertos/production/_ext/1687506664/drv_spi_static.o
 .debug_info    0x00004c5f     0x187f build/pic32mx795_pim_e16_freertos/production/_ext/1687506664/drv_spi_mapping.o
 .debug_info    0x000064de     0x2176 build/pic32mx795_pim_e16_freertos/production/_ext/1687506664/drv_spi_static_tasks.o
 .debug_info    0x00008654     0x21e4 build/pic32mx795_pim_e16_freertos/production/_ext/1687506664/drv_spi_static_sys_queue.o
 .debug_info    0x0000a838     0x137e build/pic32mx795_pim_e16_freertos/production/_ext/1687506664/drv_spi_static_rm_tasks.o
 .debug_info    0x0000bbb6     0x3717 build/pic32mx795_pim_e16_freertos/production/_ext/1911170636/drv_tmr_static.o
 .debug_info    0x0000f2cd     0x128f build/pic32mx795_pim_e16_freertos/production/_ext/1911170636/drv_tmr_mapping.o
 .debug_info    0x0001055c     0x1a26 build/pic32mx795_pim_e16_freertos/production/_ext/1837109576/drv_usart_mapping.o
 .debug_info    0x00011f82     0x3d6f build/pic32mx795_pim_e16_freertos/production/_ext/1837109576/drv_usart_static.o
 .debug_info    0x00015cf1     0x1df8 build/pic32mx795_pim_e16_freertos/production/_ext/1837109576/drv_usart_static_byte_model.o
 .debug_info    0x00017ae9     0x1700 build/pic32mx795_pim_e16_freertos/production/_ext/336749348/sys_clk_static.o
 .debug_info    0x000191e9     0x3bdf build/pic32mx795_pim_e16_freertos/production/_ext/1308808844/sys_ports_static.o
 .debug_info    0x0001cdc8     0x290d build/pic32mx795_pim_e16_freertos/production/_ext/481695355/system_init.o
 .debug_info    0x0001f6d5     0x1ed5 build/pic32mx795_pim_e16_freertos/production/_ext/481695355/system_interrupt.o
 .debug_info    0x000215aa      0xd6c build/pic32mx795_pim_e16_freertos/production/_ext/481695355/system_exceptions.o
 .debug_info    0x00022316      0xd9d build/pic32mx795_pim_e16_freertos/production/_ext/481695355/system_tasks.o
 .debug_info    0x000230b3       0xb5 build/pic32mx795_pim_e16_freertos/production/_ext/481695355/system_interrupt_a.o
 .debug_info    0x00023168      0x26b build/pic32mx795_pim_e16_freertos/production/_ext/481695355/rtos_hooks.o
 .debug_info    0x000233d3     0x1428 build/pic32mx795_pim_e16_freertos/production/_ext/1360937237/app.o
 .debug_info    0x000247fb      0x1af build/pic32mx795_pim_e16_freertos/production/_ext/1360937237/main.o
 .debug_info    0x000249aa     0x13c9 build/pic32mx795_pim_e16_freertos/production/_ext/167849476/bsp_sys_init.o
 .debug_info    0x00025d73      0xa76 build/pic32mx795_pim_e16_freertos/production/_ext/1423261102/osal_freertos.o
 .debug_info    0x000267e9     0x14aa build/pic32mx795_pim_e16_freertos/production/_ext/2019779704/sys_devcon.o
 .debug_info    0x00027c93      0xf6c build/pic32mx795_pim_e16_freertos/production/_ext/2019779704/sys_devcon_pic32mx.o
 .debug_info    0x00028bff     0x17d3 build/pic32mx795_pim_e16_freertos/production/_ext/1620769490/sys_int_pic32.o
 .debug_info    0x0002a3d2      0x399 build/pic32mx795_pim_e16_freertos/production/_ext/1366647692/heap_1.o
 .debug_info    0x0002a76b     0x11c4 build/pic32mx795_pim_e16_freertos/production/_ext/1475386849/port.o
 .debug_info    0x0002b92f       0xe3 build/pic32mx795_pim_e16_freertos/production/_ext/1475386849/port_asm.o
 .debug_info    0x0002ba12      0x195 build/pic32mx795_pim_e16_freertos/production/_ext/1241959881/croutine.o
 .debug_info    0x0002bba7      0x491 build/pic32mx795_pim_e16_freertos/production/_ext/1241959881/list.o
 .debug_info    0x0002c038     0x1944 build/pic32mx795_pim_e16_freertos/production/_ext/1241959881/queue.o
 .debug_info    0x0002d97c     0x2933 build/pic32mx795_pim_e16_freertos/production/_ext/1241959881/tasks.o
 .debug_info    0x000302af      0x193 build/pic32mx795_pim_e16_freertos/production/_ext/1241959881/timers.o
 .debug_info    0x00030442      0xd68 build/pic32mx795_pim_e16_freertos/production/_ext/1241959881/event_groups.o
 .debug_info    0x000311aa     0x1fd2 build/pic32mx795_pim_e16_freertos/production/_ext/1360937237/rf_app.o
 .debug_info    0x0003317c     0x2cb5 build/pic32mx795_pim_e16_freertos/production/_ext/1360937237/rf_config.o
 .debug_info    0x00035e31     0x12ee build/pic32mx795_pim_e16_freertos/production/_ext/1360937237/rf_task.o
 .debug_info    0x0003711f     0x143a build/pic32mx795_pim_e16_freertos/production/_ext/1360937237/uart_cmd.o
 .debug_info    0x00038559      0x2a8 c:/program files (x86)/microchip/xc32/v1.42/bin/bin/../../lib/gcc/pic32mx/4.8.3\libgcc.a(_fixunssfdi.o)
 .debug_info    0x00038801      0x27b c:/program files (x86)/microchip/xc32/v1.42/bin/bin/../../lib/gcc/pic32mx/4.8.3\libgcc.a(_floatundisf.o)
 .debug_info    0x00038a7c      0x144 c:/program files (x86)/microchip/xc32/v1.42/bin/bin/../../lib/gcc/pic32mx/4.8.3\libgcc.a(floatunsidf.o)
 .debug_info    0x00038bc0       0xf5 c:/program files (x86)/microchip/xc32/v1.42/bin/bin/../../lib/gcc/pic32mx/4.8.3/../../../../pic32mx/lib\libpic32.a(default-bootstrap-exception-handler.o)
 .debug_info    0x00038cb5       0xcf c:/program files (x86)/microchip/xc32/v1.42/bin/bin/../../lib/gcc/pic32mx/4.8.3/../../../../pic32mx/lib\libpic32.a(default-on-reset.o)
 .debug_info    0x00038d84       0xd7 c:/program files (x86)/microchip/xc32/v1.42/bin/bin/../../lib/gcc/pic32mx/4.8.3/../../../../pic32mx/lib\libpic32.a(default-on-bootstrap.o)
 .debug_info    0x00038e5b       0xe9 c:/program files (x86)/microchip/xc32/v1.42/bin/bin/../../lib/gcc/pic32mx/4.8.3/../../../../pic32mx/lib\libpic32.a(defaultinterrupt.o)
 .debug_info    0x00038f44       0xd4 c:/program files (x86)/microchip/xc32/v1.42/bin/bin/../../lib/gcc/pic32mx/4.8.3/../../../../pic32mx/lib\libc.a(sprintf_cdnopuxX.eo)
 .debug_info    0x00039018       0xd5 c:/program files (x86)/microchip/xc32/v1.42/bin/bin/../../lib/gcc/pic32mx/4.8.3/../../../../pic32mx/lib\libc.a(doprnt_cdnopuxX.eo)
 .debug_info    0x000390ed       0xc6 c:/program files (x86)/microchip/xc32/v1.42/bin/bin/../../lib/gcc/pic32mx/4.8.3/../../../../pic32mx/lib\libc.a(_fputc_simple.o)
 .debug_info    0x000391b3       0xc9 c:/program files (x86)/microchip/xc32/v1.42/bin/bin/../../lib/gcc/pic32mx/4.8.3/../../../../pic32mx/lib\libc.a(_flsbuf_simple.o)
 .debug_info    0x0003927c       0xc0 c:/program files (x86)/microchip/xc32/v1.42/bin/bin/../../lib/gcc/pic32mx/4.8.3/../../../../pic32mx/lib\libpic32.a(write.o)
 .debug_info    0x0003933c       0xc8 c:/program files (x86)/microchip/xc32/v1.42/bin/bin/../../lib/gcc/pic32mx/4.8.3/../../../../pic32mx/lib\libpic32.a(_mon_putc.o)
 .debug_info    0x00039404      0x773 c:/program files (x86)/microchip/xc32/v1.42/bin/bin/../../lib/gcc/pic32mx/4.8.3\libgcc.a(_udivdi3.o)
 .debug_info    0x00039b77      0x7b0 c:/program files (x86)/microchip/xc32/v1.42/bin/bin/../../lib/gcc/pic32mx/4.8.3\libgcc.a(_umoddi3.o)

.debug_abbrev   0x00000000     0x4f10
 *(.debug_abbrev)
 .debug_abbrev  0x00000000      0x41f build/pic32mx795_pim_e16_freertos/production/_ext/1687506664/drv_spi_static.o
 .debug_abbrev  0x0000041f      0x222 build/pic32mx795_pim_e16_freertos/production/_ext/1687506664/drv_spi_mapping.o
 .debug_abbrev  0x00000641      0x24a build/pic32mx795_pim_e16_freertos/production/_ext/1687506664/drv_spi_static_tasks.o
 .debug_abbrev  0x0000088b      0x265 build/pic32mx795_pim_e16_freertos/production/_ext/1687506664/drv_spi_static_sys_queue.o
 .debug_abbrev  0x00000af0      0x1ea build/pic32mx795_pim_e16_freertos/production/_ext/1687506664/drv_spi_static_rm_tasks.o
 .debug_abbrev  0x00000cda      0x314 build/pic32mx795_pim_e16_freertos/production/_ext/1911170636/drv_tmr_static.o
 .debug_abbrev  0x00000fee      0x24a build/pic32mx795_pim_e16_freertos/production/_ext/1911170636/drv_tmr_mapping.o
 .debug_abbrev  0x00001238      0x221 build/pic32mx795_pim_e16_freertos/production/_ext/1837109576/drv_usart_mapping.o
 .debug_abbrev  0x00001459      0x393 build/pic32mx795_pim_e16_freertos/production/_ext/1837109576/drv_usart_static.o
 .debug_abbrev  0x000017ec      0x24f build/pic32mx795_pim_e16_freertos/production/_ext/1837109576/drv_usart_static_byte_model.o
 .debug_abbrev  0x00001a3b      0x27b build/pic32mx795_pim_e16_freertos/production/_ext/336749348/sys_clk_static.o
 .debug_abbrev  0x00001cb6      0x22b build/pic32mx795_pim_e16_freertos/production/_ext/1308808844/sys_ports_static.o
 .debug_abbrev  0x00001ee1      0x2d7 build/pic32mx795_pim_e16_freertos/production/_ext/481695355/system_init.o
 .debug_abbrev  0x000021b8      0x1fa build/pic32mx795_pim_e16_freertos/production/_ext/481695355/system_interrupt.o
 .debug_abbrev  0x000023b2       0xa9 build/pic32mx795_pim_e16_freertos/production/_ext/481695355/system_exceptions.o
 .debug_abbrev  0x0000245b      0x15b build/pic32mx795_pim_e16_freertos/production/_ext/481695355/system_tasks.o
 .debug_abbrev  0x000025b6       0x12 build/pic32mx795_pim_e16_freertos/production/_ext/481695355/system_interrupt_a.o
 .debug_abbrev  0x000025c8       0x97 build/pic32mx795_pim_e16_freertos/production/_ext/481695355/rtos_hooks.o
 .debug_abbrev  0x0000265f      0x26b build/pic32mx795_pim_e16_freertos/production/_ext/1360937237/app.o
 .debug_abbrev  0x000028ca       0x93 build/pic32mx795_pim_e16_freertos/production/_ext/1360937237/main.o
 .debug_abbrev  0x0000295d      0x1b2 build/pic32mx795_pim_e16_freertos/production/_ext/167849476/bsp_sys_init.o
 .debug_abbrev  0x00002b0f      0x1fe build/pic32mx795_pim_e16_freertos/production/_ext/1423261102/osal_freertos.o
 .debug_abbrev  0x00002d0d      0x26d build/pic32mx795_pim_e16_freertos/production/_ext/2019779704/sys_devcon.o
 .debug_abbrev  0x00002f7a      0x16d build/pic32mx795_pim_e16_freertos/production/_ext/2019779704/sys_devcon_pic32mx.o
 .debug_abbrev  0x000030e7      0x1d0 build/pic32mx795_pim_e16_freertos/production/_ext/1620769490/sys_int_pic32.o
 .debug_abbrev  0x000032b7      0x13f build/pic32mx795_pim_e16_freertos/production/_ext/1366647692/heap_1.o
 .debug_abbrev  0x000033f6      0x2cf build/pic32mx795_pim_e16_freertos/production/_ext/1475386849/port.o
 .debug_abbrev  0x000036c5       0x14 build/pic32mx795_pim_e16_freertos/production/_ext/1475386849/port_asm.o
 .debug_abbrev  0x000036d9       0x1b build/pic32mx795_pim_e16_freertos/production/_ext/1241959881/croutine.o
 .debug_abbrev  0x000036f4       0xf1 build/pic32mx795_pim_e16_freertos/production/_ext/1241959881/list.o
 .debug_abbrev  0x000037e5      0x2f4 build/pic32mx795_pim_e16_freertos/production/_ext/1241959881/queue.o
 .debug_abbrev  0x00003ad9      0x381 build/pic32mx795_pim_e16_freertos/production/_ext/1241959881/tasks.o
 .debug_abbrev  0x00003e5a       0x1b build/pic32mx795_pim_e16_freertos/production/_ext/1241959881/timers.o
 .debug_abbrev  0x00003e75      0x29a build/pic32mx795_pim_e16_freertos/production/_ext/1241959881/event_groups.o
 .debug_abbrev  0x0000410f      0x2d5 build/pic32mx795_pim_e16_freertos/production/_ext/1360937237/rf_app.o
 .debug_abbrev  0x000043e4      0x273 build/pic32mx795_pim_e16_freertos/production/_ext/1360937237/rf_config.o
 .debug_abbrev  0x00004657      0x1cd build/pic32mx795_pim_e16_freertos/production/_ext/1360937237/rf_task.o
 .debug_abbrev  0x00004824      0x1aa build/pic32mx795_pim_e16_freertos/production/_ext/1360937237/uart_cmd.o
 .debug_abbrev  0x000049ce       0x6d c:/program files (x86)/microchip/xc32/v1.42/bin/bin/../../lib/gcc/pic32mx/4.8.3\libgcc.a(_fixunssfdi.o)
 .debug_abbrev  0x00004a3b       0x64 c:/program files (x86)/microchip/xc32/v1.42/bin/bin/../../lib/gcc/pic32mx/4.8.3\libgcc.a(_floatundisf.o)
 .debug_abbrev  0x00004a9f       0x62 c:/program files (x86)/microchip/xc32/v1.42/bin/bin/../../lib/gcc/pic32mx/4.8.3\libgcc.a(floatunsidf.o)
 .debug_abbrev  0x00004b01       0x28 c:/program files (x86)/microchip/xc32/v1.42/bin/bin/../../lib/gcc/pic32mx/4.8.3/../../../../pic32mx/lib\libpic32.a(default-bootstrap-exception-handler.o)
 .debug_abbrev  0x00004b29       0x28 c:/program files (x86)/microchip/xc32/v1.42/bin/bin/../../lib/gcc/pic32mx/4.8.3/../../../../pic32mx/lib\libpic32.a(default-on-reset.o)
 .debug_abbrev  0x00004b51       0x28 c:/program files (x86)/microchip/xc32/v1.42/bin/bin/../../lib/gcc/pic32mx/4.8.3/../../../../pic32mx/lib\libpic32.a(default-on-bootstrap.o)
 .debug_abbrev  0x00004b79       0x28 c:/program files (x86)/microchip/xc32/v1.42/bin/bin/../../lib/gcc/pic32mx/4.8.3/../../../../pic32mx/lib\libpic32.a(defaultinterrupt.o)
 .debug_abbrev  0x00004ba1       0x28 c:/program files (x86)/microchip/xc32/v1.42/bin/bin/../../lib/gcc/pic32mx/4.8.3/../../../../pic32mx/lib\libc.a(sprintf_cdnopuxX.eo)
 .debug_abbrev  0x00004bc9       0x28 c:/program files (x86)/microchip/xc32/v1.42/bin/bin/../../lib/gcc/pic32mx/4.8.3/../../../../pic32mx/lib\libc.a(doprnt_cdnopuxX.eo)
 .debug_abbrev  0x00004bf1       0x28 c:/program files (x86)/microchip/xc32/v1.42/bin/bin/../../lib/gcc/pic32mx/4.8.3/../../../../pic32mx/lib\libc.a(_fputc_simple.o)
 .debug_abbrev  0x00004c19       0x28 c:/program files (x86)/microchip/xc32/v1.42/bin/bin/../../lib/gcc/pic32mx/4.8.3/../../../../pic32mx/lib\libc.a(_flsbuf_simple.o)
 .debug_abbrev  0x00004c41       0x28 c:/program files (x86)/microchip/xc32/v1.42/bin/bin/../../lib/gcc/pic32mx/4.8.3/../../../../pic32mx/lib\libpic32.a(write.o)
 .debug_abbrev  0x00004c69       0x28 c:/program files (x86)/microchip/xc32/v1.42/bin/bin/../../lib/gcc/pic32mx/4.8.3/../../../../pic32mx/lib\libpic32.a(_mon_putc.o)
 .debug_abbrev  0x00004c91      0x138 c:/program files (x86)/microchip/xc32/v1.42/bin/bin/../../lib/gcc/pic32mx/4.8.3\libgcc.a(_udivdi3.o)
 .debug_abbrev  0x00004dc9      0x147 c:/program files (x86)/microchip/xc32/v1.42/bin/bin/../../lib/gcc/pic32mx/4.8.3\libgcc.a(_umoddi3.o)

.debug_line     0x00000000     0xacd8
 *(.debug_line)
 .debug_line    0x00000000      0xb29 build/pic32mx795_pim_e16_freertos/production/_ext/1687506664/drv_spi_static.o
 .debug_line    0x00000b29      0x45b build/pic32mx795_pim_e16_freertos/production/_ext/1687506664/drv_spi_mapping.o
 .debug_line    0x00000f84      0x54d build/pic32mx795_pim_e16_freertos/production/_ext/1687506664/drv_spi_static_tasks.o
 .debug_line    0x000014d1      0x543 build/pic32mx795_pim_e16_freertos/production/_ext/1687506664/drv_spi_static_sys_queue.o
 .debug_line    0x00001a14      0x47c build/pic32mx795_pim_e16_freertos/production/_ext/1687506664/drv_spi_static_rm_tasks.o
 .debug_line    0x00001e90      0x75d build/pic32mx795_pim_e16_freertos/production/_ext/1911170636/drv_tmr_static.o
 .debug_line    0x000025ed      0x4c6 build/pic32mx795_pim_e16_freertos/production/_ext/1911170636/drv_tmr_mapping.o
 .debug_line    0x00002ab3      0x46e build/pic32mx795_pim_e16_freertos/production/_ext/1837109576/drv_usart_mapping.o
 .debug_line    0x00002f21      0x8c6 build/pic32mx795_pim_e16_freertos/production/_ext/1837109576/drv_usart_static.o
 .debug_line    0x000037e7      0x4e5 build/pic32mx795_pim_e16_freertos/production/_ext/1837109576/drv_usart_static_byte_model.o
 .debug_line    0x00003ccc      0x424 build/pic32mx795_pim_e16_freertos/production/_ext/336749348/sys_clk_static.o
 .debug_line    0x000040f0      0x7ac build/pic32mx795_pim_e16_freertos/production/_ext/1308808844/sys_ports_static.o
 .debug_line    0x0000489c      0x6ef build/pic32mx795_pim_e16_freertos/production/_ext/481695355/system_init.o
 .debug_line    0x00004f8b      0x598 build/pic32mx795_pim_e16_freertos/production/_ext/481695355/system_interrupt.o
 .debug_line    0x00005523      0x1f7 build/pic32mx795_pim_e16_freertos/production/_ext/481695355/system_exceptions.o
 .debug_line    0x0000571a      0x374 build/pic32mx795_pim_e16_freertos/production/_ext/481695355/system_tasks.o
 .debug_line    0x00005a8e      0x10d build/pic32mx795_pim_e16_freertos/production/_ext/481695355/system_interrupt_a.o
 .debug_line    0x00005b9b      0x15c build/pic32mx795_pim_e16_freertos/production/_ext/481695355/rtos_hooks.o
 .debug_line    0x00005cf7      0x464 build/pic32mx795_pim_e16_freertos/production/_ext/1360937237/app.o
 .debug_line    0x0000615b       0xbd build/pic32mx795_pim_e16_freertos/production/_ext/1360937237/main.o
 .debug_line    0x00006218      0x35b build/pic32mx795_pim_e16_freertos/production/_ext/167849476/bsp_sys_init.o
 .debug_line    0x00006573      0x2bb build/pic32mx795_pim_e16_freertos/production/_ext/1423261102/osal_freertos.o
 .debug_line    0x0000682e      0x61f build/pic32mx795_pim_e16_freertos/production/_ext/2019779704/sys_devcon.o
 .debug_line    0x00006e4d      0x471 build/pic32mx795_pim_e16_freertos/production/_ext/2019779704/sys_devcon_pic32mx.o
 .debug_line    0x000072be      0x38c build/pic32mx795_pim_e16_freertos/production/_ext/1620769490/sys_int_pic32.o
 .debug_line    0x0000764a      0x216 build/pic32mx795_pim_e16_freertos/production/_ext/1366647692/heap_1.o
 .debug_line    0x00007860      0x23a build/pic32mx795_pim_e16_freertos/production/_ext/1475386849/port.o
 .debug_line    0x00007a9a      0x123 build/pic32mx795_pim_e16_freertos/production/_ext/1475386849/port_asm.o
 .debug_line    0x00007bbd       0x1d build/pic32mx795_pim_e16_freertos/production/_ext/1241959881/croutine.o
 .debug_line    0x00007bda      0x1dc build/pic32mx795_pim_e16_freertos/production/_ext/1241959881/list.o
 .debug_line    0x00007db6      0x496 build/pic32mx795_pim_e16_freertos/production/_ext/1241959881/queue.o
 .debug_line    0x0000824c      0x7b4 build/pic32mx795_pim_e16_freertos/production/_ext/1241959881/tasks.o
 .debug_line    0x00008a00       0x1d build/pic32mx795_pim_e16_freertos/production/_ext/1241959881/timers.o
 .debug_line    0x00008a1d      0x325 build/pic32mx795_pim_e16_freertos/production/_ext/1241959881/event_groups.o
 .debug_line    0x00008d42      0x6e1 build/pic32mx795_pim_e16_freertos/production/_ext/1360937237/rf_app.o
 .debug_line    0x00009423      0x771 build/pic32mx795_pim_e16_freertos/production/_ext/1360937237/rf_config.o
 .debug_line    0x00009b94      0x3c1 build/pic32mx795_pim_e16_freertos/production/_ext/1360937237/rf_task.o
 .debug_line    0x00009f55      0x3d7 build/pic32mx795_pim_e16_freertos/production/_ext/1360937237/uart_cmd.o
 .debug_line    0x0000a32c       0xac c:/program files (x86)/microchip/xc32/v1.42/bin/bin/../../lib/gcc/pic32mx/4.8.3\libgcc.a(_fixunssfdi.o)
 .debug_line    0x0000a3d8       0xb2 c:/program files (x86)/microchip/xc32/v1.42/bin/bin/../../lib/gcc/pic32mx/4.8.3\libgcc.a(_floatundisf.o)
 .debug_line    0x0000a48a       0x9b c:/program files (x86)/microchip/xc32/v1.42/bin/bin/../../lib/gcc/pic32mx/4.8.3\libgcc.a(floatunsidf.o)
 .debug_line    0x0000a525       0xa9 c:/program files (x86)/microchip/xc32/v1.42/bin/bin/../../lib/gcc/pic32mx/4.8.3/../../../../pic32mx/lib\libpic32.a(default-bootstrap-exception-handler.o)
 .debug_line    0x0000a5ce       0x96 c:/program files (x86)/microchip/xc32/v1.42/bin/bin/../../lib/gcc/pic32mx/4.8.3/../../../../pic32mx/lib\libpic32.a(default-on-reset.o)
 .debug_line    0x0000a664       0x9a c:/program files (x86)/microchip/xc32/v1.42/bin/bin/../../lib/gcc/pic32mx/4.8.3/../../../../pic32mx/lib\libpic32.a(default-on-bootstrap.o)
 .debug_line    0x0000a6fe       0xa8 c:/program files (x86)/microchip/xc32/v1.42/bin/bin/../../lib/gcc/pic32mx/4.8.3/../../../../pic32mx/lib\libpic32.a(defaultinterrupt.o)
 .debug_line    0x0000a7a6       0x83 c:/program files (x86)/microchip/xc32/v1.42/bin/bin/../../lib/gcc/pic32mx/4.8.3/../../../../pic32mx/lib\libc.a(sprintf_cdnopuxX.eo)
 .debug_line    0x0000a829       0x82 c:/program files (x86)/microchip/xc32/v1.42/bin/bin/../../lib/gcc/pic32mx/4.8.3/../../../../pic32mx/lib\libc.a(doprnt_cdnopuxX.eo)
 .debug_line    0x0000a8ab       0x81 c:/program files (x86)/microchip/xc32/v1.42/bin/bin/../../lib/gcc/pic32mx/4.8.3/../../../../pic32mx/lib\libc.a(_fputc_simple.o)
 .debug_line    0x0000a92c        0x0 c:/program files (x86)/microchip/xc32/v1.42/bin/bin/../../lib/gcc/pic32mx/4.8.3/../../../../pic32mx/lib\libc.a(ctype.o)
 .debug_line    0x0000a92c        0x0 c:/program files (x86)/microchip/xc32/v1.42/bin/bin/../../lib/gcc/pic32mx/4.8.3/../../../../pic32mx/lib\libc.a(_iob.o)
 .debug_line    0x0000a92c       0x82 c:/program files (x86)/microchip/xc32/v1.42/bin/bin/../../lib/gcc/pic32mx/4.8.3/../../../../pic32mx/lib\libc.a(_flsbuf_simple.o)
 .debug_line    0x0000a9ae       0x8b c:/program files (x86)/microchip/xc32/v1.42/bin/bin/../../lib/gcc/pic32mx/4.8.3/../../../../pic32mx/lib\libpic32.a(write.o)
 .debug_line    0x0000aa39       0x8f c:/program files (x86)/microchip/xc32/v1.42/bin/bin/../../lib/gcc/pic32mx/4.8.3/../../../../pic32mx/lib\libpic32.a(_mon_putc.o)
 .debug_line    0x0000aac8        0x0 c:/program files (x86)/microchip/xc32/v1.42/bin/bin/../../lib/gcc/pic32mx/4.8.3/../../../../pic32mx/lib\libpic32.a(xc32_uart.o)
 .debug_line    0x0000aac8       0xff c:/program files (x86)/microchip/xc32/v1.42/bin/bin/../../lib/gcc/pic32mx/4.8.3\libgcc.a(_udivdi3.o)
 .debug_line    0x0000abc7      0x111 c:/program files (x86)/microchip/xc32/v1.42/bin/bin/../../lib/gcc/pic32mx/4.8.3\libgcc.a(_umoddi3.o)

.debug_frame    0x00000000     0x2468
 *(.debug_frame)
 .debug_frame   0x00000000      0x1bc build/pic32mx795_pim_e16_freertos/production/_ext/1687506664/drv_spi_static.o
 .debug_frame   0x000001bc      0x1bc build/pic32mx795_pim_e16_freertos/production/_ext/1687506664/drv_spi_mapping.o
 .debug_frame   0x00000378       0x34 build/pic32mx795_pim_e16_freertos/production/_ext/1687506664/drv_spi_static_tasks.o
 .debug_frame   0x000003ac      0x230 build/pic32mx795_pim_e16_freertos/production/_ext/1687506664/drv_spi_static_sys_queue.o
 .debug_frame   0x000005dc       0x30 build/pic32mx795_pim_e16_freertos/production/_ext/1687506664/drv_spi_static_rm_tasks.o
 .debug_frame   0x0000060c       0xf8 build/pic32mx795_pim_e16_freertos/production/_ext/1911170636/drv_tmr_static.o
 .debug_frame   0x00000704      0x210 build/pic32mx795_pim_e16_freertos/production/_ext/1911170636/drv_tmr_mapping.o
 .debug_frame   0x00000914      0x238 build/pic32mx795_pim_e16_freertos/production/_ext/1837109576/drv_usart_mapping.o
 .debug_frame   0x00000b4c       0xfc build/pic32mx795_pim_e16_freertos/production/_ext/1837109576/drv_usart_static.o
 .debug_frame   0x00000c48       0x80 build/pic32mx795_pim_e16_freertos/production/_ext/1837109576/drv_usart_static_byte_model.o
 .debug_frame   0x00000cc8       0xa0 build/pic32mx795_pim_e16_freertos/production/_ext/336749348/sys_clk_static.o
 .debug_frame   0x00000d68      0x1f0 build/pic32mx795_pim_e16_freertos/production/_ext/1308808844/sys_ports_static.o
 .debug_frame   0x00000f58       0x30 build/pic32mx795_pim_e16_freertos/production/_ext/481695355/system_init.o
 .debug_frame   0x00000f88       0x68 build/pic32mx795_pim_e16_freertos/production/_ext/481695355/system_interrupt.o
 .debug_frame   0x00000ff0       0x28 build/pic32mx795_pim_e16_freertos/production/_ext/481695355/system_exceptions.o
 .debug_frame   0x00001018       0x58 build/pic32mx795_pim_e16_freertos/production/_ext/481695355/system_tasks.o
 .debug_frame   0x00001070       0x40 build/pic32mx795_pim_e16_freertos/production/_ext/481695355/rtos_hooks.o
 .debug_frame   0x000010b0       0x58 build/pic32mx795_pim_e16_freertos/production/_ext/1360937237/app.o
 .debug_frame   0x00001108       0x28 build/pic32mx795_pim_e16_freertos/production/_ext/1360937237/main.o
 .debug_frame   0x00001130       0xb0 build/pic32mx795_pim_e16_freertos/production/_ext/167849476/bsp_sys_init.o
 .debug_frame   0x000011e0      0x150 build/pic32mx795_pim_e16_freertos/production/_ext/1423261102/osal_freertos.o
 .debug_frame   0x00001330       0xe8 build/pic32mx795_pim_e16_freertos/production/_ext/2019779704/sys_devcon.o
 .debug_frame   0x00001418       0x28 build/pic32mx795_pim_e16_freertos/production/_ext/2019779704/sys_devcon_pic32mx.o
 .debug_frame   0x00001440       0x90 build/pic32mx795_pim_e16_freertos/production/_ext/1620769490/sys_int_pic32.o
 .debug_frame   0x000014d0       0x5c build/pic32mx795_pim_e16_freertos/production/_ext/1366647692/heap_1.o
 .debug_frame   0x0000152c       0xc0 build/pic32mx795_pim_e16_freertos/production/_ext/1475386849/port.o
 .debug_frame   0x000015ec       0x60 build/pic32mx795_pim_e16_freertos/production/_ext/1241959881/list.o
 .debug_frame   0x0000164c      0x218 build/pic32mx795_pim_e16_freertos/production/_ext/1241959881/queue.o
 .debug_frame   0x00001864      0x458 build/pic32mx795_pim_e16_freertos/production/_ext/1241959881/tasks.o
 .debug_frame   0x00001cbc      0x108 build/pic32mx795_pim_e16_freertos/production/_ext/1241959881/event_groups.o
 .debug_frame   0x00001dc4      0x104 build/pic32mx795_pim_e16_freertos/production/_ext/1360937237/rf_app.o
 .debug_frame   0x00001ec8      0x2a0 build/pic32mx795_pim_e16_freertos/production/_ext/1360937237/rf_config.o
 .debug_frame   0x00002168       0x48 build/pic32mx795_pim_e16_freertos/production/_ext/1360937237/rf_task.o
 .debug_frame   0x000021b0       0x5c build/pic32mx795_pim_e16_freertos/production/_ext/1360937237/uart_cmd.o
 .debug_frame   0x0000220c       0x2c c:/program files (x86)/microchip/xc32/v1.42/bin/bin/../../lib/gcc/pic32mx/4.8.3\libgcc.a(_fixunssfdi.o)
 .debug_frame   0x00002238       0x28 c:/program files (x86)/microchip/xc32/v1.42/bin/bin/../../lib/gcc/pic32mx/4.8.3\libgcc.a(_floatundisf.o)
 .debug_frame   0x00002260       0x28 c:/program files (x86)/microchip/xc32/v1.42/bin/bin/../../lib/gcc/pic32mx/4.8.3\libgcc.a(floatunsidf.o)
 .debug_frame   0x00002288       0x2c c:/program files (x86)/microchip/xc32/v1.42/bin/bin/../../lib/gcc/pic32mx/4.8.3/../../../../pic32mx/lib\libpic32.a(default-bootstrap-exception-handler.o)
 .debug_frame   0x000022b4       0x20 c:/program files (x86)/microchip/xc32/v1.42/bin/bin/../../lib/gcc/pic32mx/4.8.3/../../../../pic32mx/lib\libpic32.a(default-on-reset.o)
 .debug_frame   0x000022d4       0x20 c:/program files (x86)/microchip/xc32/v1.42/bin/bin/../../lib/gcc/pic32mx/4.8.3/../../../../pic32mx/lib\libpic32.a(default-on-bootstrap.o)
 .debug_frame   0x000022f4       0x20 c:/program files (x86)/microchip/xc32/v1.42/bin/bin/../../lib/gcc/pic32mx/4.8.3/../../../../pic32mx/lib\libpic32.a(defaultinterrupt.o)
 .debug_frame   0x00002314       0x28 c:/program files (x86)/microchip/xc32/v1.42/bin/bin/../../lib/gcc/pic32mx/4.8.3/../../../../pic32mx/lib\libc.a(sprintf_cdnopuxX.eo)
 .debug_frame   0x0000233c       0x38 c:/program files (x86)/microchip/xc32/v1.42/bin/bin/../../lib/gcc/pic32mx/4.8.3/../../../../pic32mx/lib\libc.a(doprnt_cdnopuxX.eo)
 .debug_frame   0x00002374       0x2c c:/program files (x86)/microchip/xc32/v1.42/bin/bin/../../lib/gcc/pic32mx/4.8.3/../../../../pic32mx/lib\libc.a(_fputc_simple.o)
 .debug_frame   0x000023a0       0x28 c:/program files (x86)/microchip/xc32/v1.42/bin/bin/../../lib/gcc/pic32mx/4.8.3/../../../../pic32mx/lib\libc.a(_flsbuf_simple.o)
 .debug_frame   0x000023c8       0x38 c:/program files (x86)/microchip/xc32/v1.42/bin/bin/../../lib/gcc/pic32mx/4.8.3/../../../../pic32mx/lib\libpic32.a(write.o)
 .debug_frame   0x00002400       0x28 c:/program files (x86)/microchip/xc32/v1.42/bin/bin/../../lib/gcc/pic32mx/4.8.3/../../../../pic32mx/lib\libpic32.a(_mon_putc.o)
 .debug_frame   0x00002428       0x20 c:/program files (x86)/microchip/xc32/v1.42/bin/bin/../../lib/gcc/pic32mx/4.8.3\libgcc.a(_udivdi3.o)
 .debug_frame   0x00002448       0x20 c:/program files (x86)/microchip/xc32/v1.42/bin/bin/../../lib/gcc/pic32mx/4.8.3\libgcc.a(_umoddi3.o)

.debug_str      0x00000000      0xa5b
 *(.debug_str)
 .debug_str     0x00000000       0xf1 build/pic32mx795_pim_e16_freertos/production/_ext/1687506664/drv_spi_static.o
 .debug_str     0x000000f1       0x52 build/pic32mx795_pim_e16_freertos/production/_ext/1687506664/drv_spi_mapping.o
 .debug_str     0x00000143       0x18 build/pic32mx795_pim_e16_freertos/production/_ext/1687506664/drv_spi_static_tasks.o
 .debug_str     0x0000015b      0x1d1 build/pic32mx795_pim_e16_freertos/production/_ext/1687506664/drv_spi_static_sys_queue.o
 .debug_str     0x0000032c       0x11 build/pic32mx795_pim_e16_freertos/production/_ext/1687506664/drv_spi_static_rm_tasks.o
 .debug_str     0x0000033d       0x4d build/pic32mx795_pim_e16_freertos/production/_ext/1911170636/drv_tmr_static.o
 .debug_str     0x0000038a        0x7 build/pic32mx795_pim_e16_freertos/production/_ext/1911170636/drv_tmr_mapping.o
 .debug_str     0x00000391       0x23 build/pic32mx795_pim_e16_freertos/production/_ext/1837109576/drv_usart_mapping.o